Archive member included to satisfy reference by file (symbol)

app/libapp.a(main.c.obj)      (--whole-archive)
zephyr/libzephyr.a(validate_libc.c.obj)
                              (--whole-archive)
zephyr/libzephyr.a(heap.c.obj)
                              (--whole-archive)
zephyr/libzephyr.a(cbprintf_packaged.c.obj)
                              (--whole-archive)
zephyr/libzephyr.a(clock.c.obj)
                              (--whole-archive)
zephyr/libzephyr.a(printk.c.obj)
                              (--whole-archive)
zephyr/libzephyr.a(cbprintf_complete.c.obj)
                              (--whole-archive)
zephyr/libzephyr.a(assert.c.obj)
                              (--whole-archive)
zephyr/libzephyr.a(dec.c.obj)
                              (--whole-archive)
zephyr/libzephyr.a(hex.c.obj)
                              (--whole-archive)
zephyr/libzephyr.a(rb.c.obj)  (--whole-archive)
zephyr/libzephyr.a(set.c.obj)
                              (--whole-archive)
zephyr/libzephyr.a(timeutil.c.obj)
                              (--whole-archive)
zephyr/libzephyr.a(bitarray.c.obj)
                              (--whole-archive)
zephyr/libzephyr.a(bitmask.c.obj)
                              (--whole-archive)
zephyr/libzephyr.a(getopt.c.obj)
                              (--whole-archive)
zephyr/libzephyr.a(getopt_common.c.obj)
                              (--whole-archive)
zephyr/libzephyr.a(ring_buffer.c.obj)
                              (--whole-archive)
zephyr/libzephyr.a(last_section_id.c.obj)
                              (--whole-archive)
zephyr/libzephyr.a(configs.c.obj)
                              (--whole-archive)
zephyr/libzephyr.a(vectors.S.obj)
                              (--whole-archive)
zephyr/libzephyr.a(soc_irq.S.obj)
                              (--whole-archive)
zephyr/libzephyr.a(soc.c.obj)
                              (--whole-archive)
zephyr/libzephyr.a(loader.c.obj)
                              (--whole-archive)
zephyr/libzephyr.a(hw_init.c.obj)
                              (--whole-archive)
zephyr/libzephyr.a(pmp_regions.c.obj)
                              (--whole-archive)
zephyr/libzephyr.a(tracing_none.c.obj)
                              (--whole-archive)
zephyr/libzephyr.a(esp_efuse_api.c.obj)
                              (--whole-archive)
zephyr/libzephyr.a(esp_efuse_fields.c.obj)
                              (--whole-archive)
zephyr/libzephyr.a(esp_efuse_utility.c.obj)
                              (--whole-archive)
zephyr/libzephyr.a(esp_efuse_table.c.obj)
                              (--whole-archive)
zephyr/libzephyr.a(esp_efuse_fields.c.obj)
                              (--whole-archive)
zephyr/libzephyr.a(esp_efuse_utility.c.obj)
                              (--whole-archive)
zephyr/libzephyr.a(esp_efuse_api_key.c.obj)
                              (--whole-archive)
zephyr/libzephyr.a(esp_mmu_map.c.obj)
                              (--whole-archive)
zephyr/libzephyr.a(esp_cache_utils.c.obj)
                              (--whole-archive)
zephyr/libzephyr.a(ext_mem_layout.c.obj)
                              (--whole-archive)
zephyr/libzephyr.a(flash_encrypt.c.obj)
                              (--whole-archive)
zephyr/libzephyr.a(esp_gpio_reserve.c.obj)
                              (--whole-archive)
zephyr/libzephyr.a(cache_hal.c.obj)
                              (--whole-archive)
zephyr/libzephyr.a(mmu_hal.c.obj)
                              (--whole-archive)
zephyr/libzephyr.a(spi_flash_encrypt_hal_iram.c.obj)
                              (--whole-archive)
zephyr/libzephyr.a(spi_flash_hal.c.obj)
                              (--whole-archive)
zephyr/libzephyr.a(spi_flash_hal_iram.c.obj)
                              (--whole-archive)
zephyr/libzephyr.a(spi_flash_hal_gpspi.c.obj)
                              (--whole-archive)
zephyr/libzephyr.a(esp_flash_api.c.obj)
                              (--whole-archive)
zephyr/libzephyr.a(esp_flash_spi_init.c.obj)
                              (--whole-archive)
zephyr/libzephyr.a(flash_mmap.c.obj)
                              (--whole-archive)
zephyr/libzephyr.a(flash_ops.c.obj)
                              (--whole-archive)
zephyr/libzephyr.a(memspi_host_driver.c.obj)
                              (--whole-archive)
zephyr/libzephyr.a(spi_flash_chip_boya.c.obj)
                              (--whole-archive)
zephyr/libzephyr.a(spi_flash_chip_drivers.c.obj)
                              (--whole-archive)
zephyr/libzephyr.a(spi_flash_chip_gd.c.obj)
                              (--whole-archive)
zephyr/libzephyr.a(spi_flash_chip_generic.c.obj)
                              (--whole-archive)
zephyr/libzephyr.a(spi_flash_chip_issi.c.obj)
                              (--whole-archive)
zephyr/libzephyr.a(spi_flash_chip_mxic.c.obj)
                              (--whole-archive)
zephyr/libzephyr.a(spi_flash_chip_mxic_opi.c.obj)
                              (--whole-archive)
[...]
Memory Configuration

Name             Origin             Length             Attributes
FLASH            0x00000000         0x007fff00         r
sram0_0_seg      0x40800000         0x0007c610         rw
irom0_0_seg      0x42000000         0x00800000         xr
drom0_0_seg      0x42800000         0x00800000         r
lp_ram_seg       0x50000000         0x00003cf8         rw
IDT_LIST         0x3ebfe010         0x00002000         rw
*default*        0x00000000         0xffffffff

Linker script and memory map

                0x42002f28                        vfprintf = __l_vfprintf
                0x00000000                        vfscanf = __l_vfscanf
LOAD zephyr/CMakeFiles/zephyr_final.dir/misc/empty_file.c.obj
LOAD zephyr/CMakeFiles/zephyr_final.dir/isr_tables.c.obj
LOAD zephyr/CMakeFiles/offsets.dir/./arch/riscv/core/offsets/offsets.c.obj
LOAD app/libapp.a
LOAD zephyr/libzephyr.a
LOAD zephyr/arch/common/libarch__common.a
LOAD zephyr/arch/arch/riscv/core/libarch__riscv__core.a
LOAD zephyr/lib/libc/picolibc/liblib__libc__picolibc.a
LOAD zephyr/lib/libc/common/liblib__libc__common.a
LOAD zephyr/subsys/portability/posix/c_lib_ext/libsubsys__portability__posix__c_lib_ext.a
LOAD zephyr/drivers/interrupt_controller/libdrivers__interrupt_controller.a
LOAD zephyr/drivers/clock_control/libdrivers__clock_control.a
LOAD zephyr/drivers/console/libdrivers__console.a
LOAD zephyr/drivers/gpio/libdrivers__gpio.a
LOAD zephyr/drivers/pinctrl/libdrivers__pinctrl.a
LOAD zephyr/drivers/serial/libdrivers__serial.a
LOAD zephyr/drivers/timer/libdrivers__timer.a
LOAD zephyr/kernel/libkernel.a
LOAD zephyr/arch/common/libisr_tables.a
LOAD /home/home/zephyr-sdk-1.0.1/gnu/riscv64-zephyr-elf/bin/../lib/gcc/riscv64-zephyr-elf/14.3.0/rv32imac_zicsr_zifencei/ilp32/space/libgcc.a
LOAD /home/home/zephyr-sdk-1.0.1/gnu/riscv64-zephyr-elf/bin/../lib/gcc/riscv64-zephyr-elf/14.3.0/../../../../riscv64-zephyr-elf/lib/rv32imac_zicsr_zifencei/ilp32/space/libc.a
LOAD /home/home/zephyr-sdk-1.0.1/gnu/riscv64-zephyr-elf/bin/../lib/gcc/riscv64-zephyr-elf/14.3.0/rv32imac_zicsr_zifencei/ilp32/space/libgcc.a
                0x4087c610                        user_sram_end = 0x4087c610
                0x40800000                        user_sram_org = 0x40800000
                0x0007c610                        user_sram_size = (user_sram_end - user_sram_org)
                0x4087c610                        _heap_sentry = 0x4087c610
                0x0006f450                        _libc_heap_size = (_heap_sentry - _end)

.rel.plt        0x00000000        0x0
 *(SORT_BY_ALIGNMENT(.rel.plt))
                [!provide]                        PROVIDE (__rel_iplt_start = .)
 *(SORT_BY_ALIGNMENT(.rel.iplt))
                [!provide]                        PROVIDE (__rel_iplt_end = .)

.rela.plt       0x00000000        0x0
 *(SORT_BY_ALIGNMENT(.rela.plt))
                [!provide]                        PROVIDE (__rela_iplt_start = .)
 *(SORT_BY_ALIGNMENT(.rela.iplt))
                [!provide]                        PROVIDE (__rela_iplt_end = .)

.rel.dyn
 *(SORT_BY_ALIGNMENT(.rel.*))

.rela.dyn       0x00000000        0x0
 *(SORT_BY_ALIGNMENT(.rela.*))
 .rela.text.__start
                0x00000000        0x0 zephyr/CMakeFiles/zephyr_final.dir/isr_tables.c.obj
 .rela.data.map
                0x00000000        0x0 zephyr/CMakeFiles/zephyr_final.dir/isr_tables.c.obj
 .rela.srodata.libc_heap_size
                0x00000000        0x0 zephyr/CMakeFiles/zephyr_final.dir/isr_tables.c.obj
 .rela._pmp_soc_region.static.esp32c6_iram_text_
                0x00000000        0x0 zephyr/CMakeFiles/zephyr_final.dir/isr_tables.c.obj
 .rela.text.esp_mmu_map_init
                0x00000000        0x0 zephyr/CMakeFiles/zephyr_final.dir/isr_tables.c.obj
 .rela.text.mmu_hal_map_region
                0x00000000        0x0 zephyr/CMakeFiles/zephyr_final.dir/isr_tables.c.obj
 .rela.text.spi_flash_hal_init
                0x00000000        0x0 zephyr/CMakeFiles/zephyr_final.dir/isr_tables.c.obj
 .rela.text.spi_flash_hal_supports_direct_write
                0x00000000        0x0 zephyr/CMakeFiles/zephyr_final.dir/isr_tables.c.obj
 .rela.text.spi_flash_hal_supports_direct_read
                0x00000000        0x0 zephyr/CMakeFiles/zephyr_final.dir/isr_tables.c.obj
 .rela.text.spimem_flash_ll_get_source_freq_mhz
                0x00000000        0x0 zephyr/CMakeFiles/zephyr_final.dir/isr_tables.c.obj
 .rela.text.spi_flash_hal_setup_read_suspend
                0x00000000        0x0 zephyr/CMakeFiles/zephyr_final.dir/isr_tables.c.obj
 .rela.text.spi_flash_hal_setup_auto_suspend_mode
                0x00000000        0x0 zephyr/CMakeFiles/zephyr_final.dir/isr_tables.c.obj
 .rela.text.spi_flash_hal_disable_auto_suspend_mode
                0x00000000        0x0 zephyr/CMakeFiles/zephyr_final.dir/isr_tables.c.obj
 .rela.text.spi_flash_hal_device_config
                0x00000000        0x0 zephyr/CMakeFiles/zephyr_final.dir/isr_tables.c.obj
 .rela.text.esp_flash_init_main
                0x00000000        0x0 zephyr/CMakeFiles/zephyr_final.dir/isr_tables.c.obj
 .rela.text.esp_flash_init_default_chip
                0x00000000        0x0 zephyr/CMakeFiles/zephyr_final.dir/isr_tables.c.obj
 .rela.iram1.1  0x00000000        0x0 zephyr/CMakeFiles/zephyr_final.dir/isr_tables.c.obj
 .rela.text.memspi_host_flush_cache
                0x00000000        0x0 zephyr/CMakeFiles/zephyr_final.dir/isr_tables.c.obj
 .rela.text.esp_console_init
                0x00000000        0x0 zephyr/CMakeFiles/zephyr_final.dir/isr_tables.c.obj
 .rela.text.config_wdt
                0x00000000        0x0 zephyr/CMakeFiles/zephyr_final.dir/isr_tables.c.obj
 .rela.text.rtc_gpio_pullup_en
                0x00000000        0x0 zephyr/CMakeFiles/zephyr_final.dir/isr_tables.c.obj
 .rela.text.rtc_gpio_pullup_dis
                0x00000000        0x0 zephyr/CMakeFiles/zephyr_final.dir/isr_tables.c.obj
 .rela.text.rtc_gpio_pulldown_en
                0x00000000        0x0 zephyr/CMakeFiles/zephyr_final.dir/isr_tables.c.obj
 .rela.text.rtc_gpio_pulldown_dis
                0x00000000        0x0 zephyr/CMakeFiles/zephyr_final.dir/isr_tables.c.obj
 .rela.text.clk_hal_lp_slow_get_freq_hz
                0x00000000        0x0 zephyr/CMakeFiles/zephyr_final.dir/isr_tables.c.obj
 .rela.text.clk_hal_cpu_get_freq_hz
                0x00000000        0x0 zephyr/CMakeFiles/zephyr_final.dir/isr_tables.c.obj
 .rela.text.non_shared_periph_module_enable
                0x00000000        0x0 zephyr/CMakeFiles/zephyr_final.dir/isr_tables.c.obj
 .rela.text.non_shared_periph_module_disable
                0x00000000        0x0 zephyr/CMakeFiles/zephyr_final.dir/isr_tables.c.obj
 .rela.text.esp_ocode_calib_init
                0x00000000        0x0 zephyr/CMakeFiles/zephyr_final.dir/isr_tables.c.obj
 .rela.dram1.1  0x00000000        0x0 zephyr/CMakeFiles/zephyr_final.dir/isr_tables.c.obj
 .rela.text.get_act_hp_dbias
                0x00000000        0x0 zephyr/CMakeFiles/zephyr_final.dir/isr_tables.c.obj
 .rela.text.get_act_lp_dbias
                0x00000000        0x0 zephyr/CMakeFiles/zephyr_final.dir/isr_tables.c.obj
 .rela.text.rtc_clk_cpu_freq_to_rc_fast
                0x00000000        0x0 zephyr/CMakeFiles/zephyr_final.dir/isr_tables.c.obj
 .rela.iram1.0  0x00000000        0x0 zephyr/CMakeFiles/zephyr_final.dir/isr_tables.c.obj
 .rela.text.rtc_clk_cpu_freq_to_pll_mhz
                0x00000000        0x0 zephyr/CMakeFiles/zephyr_final.dir/isr_tables.c.obj
 .rela.text.rtc_clk_32k_enable.part.0
                0x00000000        0x0 zephyr/CMakeFiles/zephyr_final.dir/isr_tables.c.obj
 .rela.text.rtc_clk_slow_src_set
                0x00000000        0x0 zephyr/CMakeFiles/zephyr_final.dir/isr_tables.c.obj
 .rela.text.rtc_clk_slow_src_get
                0x00000000        0x0 zephyr/CMakeFiles/zephyr_final.dir/isr_tables.c.obj
 .rela.text.rtc_clk_fast_src_set
                0x00000000        0x0 zephyr/CMakeFiles/zephyr_final.dir/isr_tables.c.obj
 .rela.text.rtc_clk_cpu_freq_set_config
                0x00000000        0x0 zephyr/CMakeFiles/zephyr_final.dir/isr_tables.c.obj
 .rela.text.rtc_clk_cpu_freq_get_config
                0x00000000        0x0 zephyr/CMakeFiles/zephyr_final.dir/isr_tables.c.obj
 .rela.text.rtc_clk_apb_freq_get
                0x00000000        0x0 zephyr/CMakeFiles/zephyr_final.dir/isr_tables.c.obj
 .rela.text.rtc_dig_clk8m_enable
                0x00000000        0x0 zephyr/CMakeFiles/zephyr_final.dir/isr_tables.c.obj
 .rela.text.rtc_dig_clk8m_disable
                0x00000000        0x0 zephyr/CMakeFiles/zephyr_final.dir/isr_tables.c.obj
 .rela.text.rtc_clk_cal
                0x00000000        0x0 zephyr/CMakeFiles/zephyr_final.dir/isr_tables.c.obj
 .rela.text.rtc_time_get
                0x00000000        0x0 zephyr/CMakeFiles/zephyr_final.dir/isr_tables.c.obj
 .rela.text.esp_clk_tree_lp_fast_get_freq_hz
                0x00000000        0x0 zephyr/CMakeFiles/zephyr_final.dir/isr_tables.c.obj
 .rela.text.regi2c_ctrl_read_reg_mask
                0x00000000        0x0 zephyr/CMakeFiles/zephyr_final.dir/isr_tables.c.obj
 .rela.text.regi2c_ctrl_write_reg
                0x00000000        0x0 zephyr/CMakeFiles/zephyr_final.dir/isr_tables.c.obj
 .rela.text.regi2c_ctrl_write_reg_mask
                0x00000000        0x0 zephyr/CMakeFiles/zephyr_final.dir/isr_tables.c.obj
 .rela.text.esp_perip_clk_init
                0x00000000        0x0 zephyr/CMakeFiles/zephyr_final.dir/isr_tables.c.obj
 .rela.text.esp_timer_impl_early_init
                0x00000000        0x0 zephyr/CMakeFiles/zephyr_final.dir/isr_tables.c.obj
 .rela.iram1.6  0x00000000        0x0 zephyr/CMakeFiles/zephyr_final.dir/isr_tables.c.obj
 .rela.text.flash_update_id
                0x00000000        0x0 zephyr/CMakeFiles/zephyr_final.dir/isr_tables.c.obj
 .rela.text.init_spi_flash
                0x00000000        0x0 zephyr/CMakeFiles/zephyr_final.dir/isr_tables.c.obj
 .rela.text.soc_hw_init
                0x00000000        0x0 zephyr/CMakeFiles/zephyr_final.dir/isr_tables.c.obj
 .rela.text.ana_reset_config
                0x00000000        0x0 zephyr/CMakeFiles/zephyr_final.dir/isr_tables.c.obj
 .rela.text.bootloader_clock_configure
                0x00000000        0x0 zephyr/CMakeFiles/zephyr_final.dir/isr_tables.c.obj
 .rela.text.soc_random_enable
                0x00000000        0x0 zephyr/CMakeFiles/zephyr_final.dir/isr_tables.c.obj
 .rela.text.soc_random_disable
                0x00000000        0x0 zephyr/CMakeFiles/zephyr_final.dir/isr_tables.c.obj
 .rela.text.uart_hal_get_sclk
                0x00000000        0x0 zephyr/CMakeFiles/zephyr_final.dir/isr_tables.c.obj
 .rela.text.uart_hal_get_baudrate
                0x00000000        0x0 zephyr/CMakeFiles/zephyr_final.dir/isr_tables.c.obj
 .rela.text.uart_hal_set_hw_flow_ctrl
                0x00000000        0x0 zephyr/CMakeFiles/zephyr_final.dir/isr_tables.c.obj
 .rela.text.uart_hal_set_rxfifo_full_thr
                0x00000000        0x0 zephyr/CMakeFiles/zephyr_final.dir/isr_tables.c.obj
 .rela.text.uart_hal_set_txfifo_empty_thr
                0x00000000        0x0 zephyr/CMakeFiles/zephyr_final.dir/isr_tables.c.obj
 .rela.text.uart_hal_write_txfifo
                0x00000000        0x0 zephyr/CMakeFiles/zephyr_final.dir/isr_tables.c.obj
 .rela.text.uart_hal_read_rxfifo
                0x00000000        0x0 zephyr/CMakeFiles/zephyr_final.dir/isr_tables.c.obj
 .rela.text.arch_bss_zero
                0x00000000        0x0 zephyr/CMakeFiles/zephyr_final.dir/isr_tables.c.obj
 .rela.text.z_riscv_pmp_init
                0x00000000        0x0 zephyr/CMakeFiles/zephyr_final.dir/isr_tables.c.obj
 .rela.text.arch_tls_stack_setup
                0x00000000        0x0 zephyr/CMakeFiles/zephyr_final.dir/isr_tables.c.obj
 .rela.text.walk_stackframe
                0x00000000        0x0 zephyr/CMakeFiles/zephyr_final.dir/isr_tables.c.obj
 .rela.text.malloc_prepare
                0x00000000        0x0 zephyr/CMakeFiles/zephyr_final.dir/isr_tables.c.obj
 .rela.text.esp32_select_rtc_slow_clk
                0x00000000        0x0 zephyr/CMakeFiles/zephyr_final.dir/isr_tables.c.obj
 .rela.text.esp32_cpu_clock_configure
                0x00000000        0x0 zephyr/CMakeFiles/zephyr_final.dir/isr_tables.c.obj
 .rela.text.clock_control_esp32_init
                0x00000000        0x0 zephyr/CMakeFiles/zephyr_final.dir/isr_tables.c.obj
 .rela.text.gpio_esp32_pin_interrupt_configure
                0x00000000        0x0 zephyr/CMakeFiles/zephyr_final.dir/isr_tables.c.obj
 .rela.text.pinctrl_configure_pins
                0x00000000        0x0 zephyr/CMakeFiles/zephyr_final.dir/isr_tables.c.obj
 .rela.text.uart_esp32_configure
                0x00000000        0x0 zephyr/CMakeFiles/zephyr_final.dir/isr_tables.c.obj
 .rela.text.uart_esp32_poll_out
                0x00000000        0x0 zephyr/CMakeFiles/zephyr_final.dir/isr_tables.c.obj
 .rela.text.uart_esp32_poll_in
                0x00000000        0x0 zephyr/CMakeFiles/zephyr_final.dir/isr_tables.c.obj
 .rela.text.uart_esp32_init
                0x00000000        0x0 zephyr/CMakeFiles/zephyr_final.dir/isr_tables.c.obj
 .rela.text.bg_thread_main
                0x00000000        0x0 zephyr/CMakeFiles/zephyr_final.dir/isr_tables.c.obj
 .rela.rodata.levels.0
                0x00000000        0x0 zephyr/CMakeFiles/zephyr_final.dir/isr_tables.c.obj
 .rela.text.statics_init
                0x00000000        0x0 zephyr/CMakeFiles/zephyr_final.dir/isr_tables.c.obj

.rtc.text       0x50000000        0x0 load address 0x00000000
                0x50000000                        . = ALIGN (0x4)
                0x50000000                        _rtc_fast_start = ABSOLUTE (.)
                0x50000000                        _rtc_text_start = ABSOLUTE (.)
 *(SORT_BY_ALIGNMENT(.rtc.entry.text))
 *(SORT_BY_ALIGNMENT(.rtc.literal) SORT_BY_ALIGNMENT(.rtc.literal.*) SORT_BY_ALIGNMENT(.rtc.text) SORT_BY_ALIGNMENT(.rtc.text.*))
                0x50000000                        . = ALIGN (0x4)
                0x50000000                        _rtc_text_end = ABSOLUTE (.)

.rtc.force_fast
                0x50000000        0x0 load address 0x00000000
                0x50000000                        . = ALIGN (0x4)
                0x50000000                        _rtc_force_fast_start = ABSOLUTE (.)
 *(SORT_BY_ALIGNMENT(.rtc.force_fast) SORT_BY_ALIGNMENT(.rtc.force_fast.*))
                0x50000000                        . = ALIGN (0x4)
                0x50000000                        _rtc_force_fast_end = ABSOLUTE (.)

.rtc.data       0x50000000        0x0 load address 0x00000000
                0x50000000                        _rtc_data_start = ABSOLUTE (.)
 *(SORT_BY_ALIGNMENT(.rtc.data) SORT_BY_ALIGNMENT(.rtc.data.*))
 *(SORT_BY_ALIGNMENT(.rtc.rodata) SORT_BY_ALIGNMENT(.rtc.rodata.*))
                0x50000000                        _rtc_data_end = ABSOLUTE (.)

.rtc.bss        0x50000000        0x0 load address 0x00000000
                0x50000000                        _rtc_bss_start = ABSOLUTE (.)
 *(SORT_BY_ALIGNMENT(.rtc.bss) SORT_BY_ALIGNMENT(.rtc.bss.*))
                0x50000000                        _rtc_bss_end = ABSOLUTE (.)

.rtc_noinit     0x50000000        0x0 load address 0x00000000
                0x50000000                        . = ALIGN (0x4)
                0x50000000                        _rtc_noinit_start = ABSOLUTE (.)
 *(SORT_BY_ALIGNMENT(.rtc_noinit) SORT_BY_ALIGNMENT(.rtc_noinit.*))
                0x50000000                        . = ALIGN (0x4)
                0x50000000                        _rtc_noinit_end = ABSOLUTE (.)

.rtc.force_slow
                0x50000000        0x0 load address 0x00000000
                0x50000000                        . = ALIGN (0x4)
                0x50000000                        _rtc_force_slow_start = ABSOLUTE (.)
 *(SORT_BY_ALIGNMENT(.rtc.force_slow) SORT_BY_ALIGNMENT(.rtc.force_slow.*))
                0x50000000                        . = ALIGN (0x4)
                0x50000000                        _rtc_force_slow_end = ABSOLUTE (.)

.rtc_reserved   0x50000000        0x0 load address 0x00000000
                0x50000000                        . = ALIGN (0x4)
                0x50000000                        _rtc_reserved_start = ABSOLUTE (.)
 *(SORT_BY_ALIGNMENT(.rtc_timer_data_in_rtc_mem) SORT_BY_ALIGNMENT(.rtc_timer_data_in_rtc_mem.*))
                0x50000000                        _rtc_reserved_end = ABSOLUTE (.)
                0x00000000                        _rtc_reserved_length = (_rtc_reserved_end - _rtc_reserved_start)
                0x00000000                        _rtc_slow_length = (_rtc_force_slow_end - _rtc_data_start)
                0x00000000                        _rtc_fast_length = (_rtc_force_fast_end - _rtc_fast_start)
                0x00000001                        ASSERT ((_rtc_slow_length <= LENGTH (rtc_slow_seg)), RTC_SLOW segment data does not fit.)
                0x00000001                        ASSERT ((_rtc_fast_length <= LENGTH (rtc_data_seg)), RTC_FAST segment data does not fit.)

.iram0.text     0x40800000     0x8714 load address 0x00000000
                0x40800000                        _iram_start = ABSOLUTE (.)
                0x40800000                        _init_start = ABSOLUTE (.)
 *(SORT_BY_ALIGNMENT(.exception_vectors.text))
 .exception_vectors.text
                0x40800000       0x80 zephyr/libzephyr.a(vectors.S.obj)
                0x40800000                _vector_table
                0x40800100                        . = ALIGN (0x100)
 *fill*         0x40800080       0x80 
                0x40800100                        _invalid_pc_placeholder = ABSOLUTE (.)
 *(SORT_BY_ALIGNMENT(.exception.entry*))
 .exception.entry._isr_wrapper
                0x40800100      0x17c zephyr/arch/arch/riscv/core/libarch__riscv__core.a(isr.S.obj)
                0x40800100                _isr_wrapper
                0x4080023e                z_riscv_thread_start
 *(SORT_BY_ALIGNMENT(.exception.other*))
 .exception.other.__soc_handle_irq
                0x4080027c        0x2 zephyr/libzephyr.a(soc_irq.S.obj)
                0x4080027c                __soc_handle_irq
                0x40800280                        . = ALIGN (0x4)
 *fill*         0x4080027e        0x2 
 *(SORT_BY_ALIGNMENT(.entry.text))
 *(SORT_BY_ALIGNMENT(.init.literal))
 *(.init)
                0x40800280                        . = ALIGN (0x4)
                0x40800280                        _init_end = ABSOLUTE (.)
                0x40800280                        _iram_text_start = ABSOLUTE (.)
 *(SORT_BY_ALIGNMENT(.iram1) SORT_BY_ALIGNMENT(.iram1.*))
 .iram1.0       0x40800280       0x18 zephyr/libzephyr.a(soc.c.obj)
                0x40800280                __esp_platform_app_start
 .iram1.2       0x40800298       0x2e zephyr/libzephyr.a(soc.c.obj)
                0x40800298                arch_printk_char_out
 .iram1.1       0x408002c6       0x6e zephyr/libzephyr.a(esp_mmu_map.c.obj)
                0x408002c6                esp_mmu_paddr_find_caps
 .iram1.3       0x40800334       0x92 zephyr/libzephyr.a(esp_flash_api.c.obj)
 .iram1.1       0x408003c6       0x90 zephyr/libzephyr.a(flash_mmap.c.obj)
                0x408003c6                spi_flash_check_and_flush_cache
 .iram1.4       0x40800456        0x2 zephyr/libzephyr.a(flash_ops.c.obj)
                0x40800456                esp_mspi_pin_init
 .iram1.5       0x40800458        0x4 zephyr/libzephyr.a(flash_ops.c.obj)
                0x40800458                spi_flash_init_chip_state
 .iram1.7       0x4080045c       0x1e zephyr/libzephyr.a(flash_ops.c.obj)
                0x4080045c                esp_mspi_32bit_address_flash_feature_check
 .iram1.1       0x4080047a       0x14 zephyr/libzephyr.a(spi_flash_os_func_noos.c.obj)
 .iram1.0       0x4080048e       0x14 zephyr/libzephyr.a(spi_flash_os_func_noos.c.obj)
 .iram1.5       0x408004a2        0xe zephyr/libzephyr.a(spi_flash_os_func_app.c.obj)
 .iram1.4       0x408004b0       0x10 zephyr/libzephyr.a(spi_flash_os_func_app.c.obj)
 .iram1.0       0x408004c0       0x20 zephyr/libzephyr.a(bootloader_flash_config_esp32c6.c.obj)
                0x408004c0                bootloader_flash_cs_timing_config
 .iram1.1       0x408004e0       0x26 zephyr/libzephyr.a(periph_ctrl.c.obj)
                0x408004e0                periph_rcc_enter
 .iram1.2       0x40800506       0x2c zephyr/libzephyr.a(periph_ctrl.c.obj)
                0x40800506                periph_rcc_exit
 .iram1.0       0x40800532        0xa zephyr/libzephyr.a(pmu_init.c.obj)
                0x40800532                PMU_instance
 .iram1.0       0x4080053c       0x4a zephyr/libzephyr.a(rtc_clk.c.obj)
 .iram1.2       0x40800586       0x62 zephyr/libzephyr.a(rtc_clk.c.obj)
                0x40800586                rtc_get_xtal
                0x40800586                rtc_clk_xtal_freq_get
 .iram1.1       0x408005e8       0x18 zephyr/libzephyr.a(rtc_clk.c.obj)
                0x408005e8                rtc_clk_cpu_set_to_default_config
 .iram1.0       0x40800600       0x26 zephyr/libzephyr.a(regi2c_ctrl.c.obj)
                0x40800600                regi2c_enter_critical
 .iram1.1       0x40800626       0x2c zephyr/libzephyr.a(regi2c_ctrl.c.obj)
                0x40800626                regi2c_exit_critical
 .iram1.0       0x40800652        0x2 zephyr/libzephyr.a(rtc_module.c.obj)
                0x40800652                rtc_isr_noniram_disable
 .iram1.1       0x40800654        0x2 zephyr/libzephyr.a(rtc_module.c.obj)
                0x40800654                rtc_isr_noniram_enable
 .iram1.0       0x40800656       0xc2 zephyr/libzephyr.a(esp_rom_hp_regi2c_esp32c6.c.obj)
 .iram1.2       0x40800718       0x7a zephyr/libzephyr.a(esp_rom_hp_regi2c_esp32c6.c.obj)
                0x40800718                regi2c_read_mask_impl
                0x40800718                esp_rom_regi2c_read_mask
 .iram1.3       0x40800792       0x50 zephyr/libzephyr.a(esp_rom_hp_regi2c_esp32c6.c.obj)
                0x40800792                esp_rom_regi2c_write
                0x40800792                regi2c_write_impl
 .iram1.4       0x408007e2       0xc4 zephyr/libzephyr.a(esp_rom_hp_regi2c_esp32c6.c.obj)
                0x408007e2                esp_rom_regi2c_write_mask
                0x408007e2                regi2c_write_mask_impl
 .iram1.0       0x408008a6       0x10 zephyr/libzephyr.a(efuse_hal.c.obj)
                0x408008a6                efuse_hal_get_major_chip_version
 .iram1.1       0x408008b6       0x10 zephyr/libzephyr.a(efuse_hal.c.obj)
                0x408008b6                efuse_hal_get_minor_chip_version
 .iram1.0       0x408008c6       0x1e zephyr/libzephyr.a(efuse_hal.c.obj)
                0x408008c6                efuse_hal_chip_revision
 .iram1.1       0x408008e4       0x1e zephyr/libzephyr.a(efuse_hal.c.obj)
                0x408008e4                efuse_hal_blk_version
 .iram1.0       0x40800902       0x1a zephyr/libzephyr.a(cache_utils.c.obj)
                0x40800902                spi_flash_disable_interrupts_caches_and_other_cpu
 .iram1.1       0x4080091c       0x1e zephyr/libzephyr.a(cache_utils.c.obj)
                0x4080091c                spi_flash_enable_interrupts_caches_and_other_cpu
 .iram1.5       0x4080093a       0x50 zephyr/libzephyr.a(bootloader_flash.c.obj)
 .iram1.1       0x4080098a      0x1c6 zephyr/libzephyr.a(bootloader_flash.c.obj)
                0x4080098a                bootloader_flash_execute_command_common
 .iram1.2       0x40800b50        0xe zephyr/libzephyr.a(bootloader_flash.c.obj)
                0x40800b50                bootloader_execute_flash_command
 .iram1.0       0x40800b5e      0x152 zephyr/libzephyr.a(bootloader_flash.c.obj)
                0x40800b5e                bootloader_flash_unlock_default
                0x40800b5e                bootloader_flash_unlock
 .iram1.3       0x40800cb0       0x18 zephyr/libzephyr.a(bootloader_flash.c.obj)
                0x40800cb0                bootloader_flash_read_sfdp
 .iram1.4       0x40800cc8       0x34 zephyr/libzephyr.a(bootloader_flash.c.obj)
                0x40800cc8                bootloader_read_flash_id
 .iram1.6       0x40800cfc       0xc2 zephyr/libzephyr.a(bootloader_flash.c.obj)
                0x40800cfc                bootloader_flash_xmc_startup
 .iram1.0       0x40800dbe       0x3e zephyr/drivers/interrupt_controller/libdrivers__interrupt_controller.a(intc_esp32.c.obj)
 .iram1.4       0x40800dfc       0x74 zephyr/drivers/interrupt_controller/libdrivers__interrupt_controller.a(intc_esp32.c.obj)
                0x40800dfc                esp_intr_noniram_disable
 .iram1.5       0x40800e70       0x52 zephyr/drivers/interrupt_controller/libdrivers__interrupt_controller.a(intc_esp32.c.obj)
                0x40800e70                esp_intr_noniram_enable
 .iram1.3       0x40800ec2       0xa4 zephyr/drivers/interrupt_controller/libdrivers__interrupt_controller.a(intc_esp32.c.obj)
                0x40800ec2                esp_intr_disable
 .iram1.2       0x40800f66       0x5a zephyr/drivers/gpio/libdrivers__gpio.a(gpio_esp32.c.obj)
 .iram1.0       0x40800fc0      0x278 zephyr/drivers/gpio/libdrivers__gpio.a(gpio_esp32.c.obj)
 .iram1.0       0x40801238       0x94 zephyr/drivers/timer/libdrivers__timer.a(esp32_sys_timer.c.obj)
 *(SORT_BY_ALIGNMENT(.iram0.literal) SORT_BY_ALIGNMENT(.iram.literal) SORT_BY_ALIGNMENT(.iram.text.literal) SORT_BY_ALIGNMENT(.iram0.text) SORT_BY_ALIGNMENT(.iram.text))
 *libzephyr.a:panic.*(SORT_BY_ALIGNMENT(.literal) SORT_BY_ALIGNMENT(.text) SORT_BY_ALIGNMENT(.literal.*) SORT_BY_ALIGNMENT(.text.*))
 *libzephyr.a:loader.*(SORT_BY_ALIGNMENT(.literal) SORT_BY_ALIGNMENT(.text) SORT_BY_ALIGNMENT(.literal.*) SORT_BY_ALIGNMENT(.text.*))
 .text.map_rom_segments
                0x408012cc      0x1ec zephyr/libzephyr.a(loader.c.obj)
                0x408012cc                map_rom_segments
 .text.__start  0x408014b8       0x82 zephyr/libzephyr.a(loader.c.obj)
                0x408014b8                __start
 *libzephyr.a:flash_init.*(SORT_BY_ALIGNMENT(.literal) SORT_BY_ALIGNMENT(.text) SORT_BY_ALIGNMENT(.literal.*) SORT_BY_ALIGNMENT(.text.*))
 .text.esp_flash_config
                0x4080153a       0x40 zephyr/libzephyr.a(flash_init.c.obj)
                0x4080153a                esp_flash_config
 *libzephyr.a:soc_flash_init.*(SORT_BY_ALIGNMENT(.literal) SORT_BY_ALIGNMENT(.text) SORT_BY_ALIGNMENT(.literal.*) SORT_BY_ALIGNMENT(.text.*))
 .text.flash_update_id
                0x4080157a       0x1c zephyr/libzephyr.a(soc_flash_init.c.obj)
                0x4080157a                flash_update_id
 .text.flash_cs_timing_config
                0x40801596       0x20 zephyr/libzephyr.a(soc_flash_init.c.obj)
                0x40801596                flash_cs_timing_config
 .text.configure_spi_pins
                0x408015b6       0x56 zephyr/libzephyr.a(soc_flash_init.c.obj)
                0x408015b6                configure_spi_pins
 .text.init_spi_flash
                0x4080160c      0x168 zephyr/libzephyr.a(soc_flash_init.c.obj)
                0x4080160c                init_spi_flash
 *libzephyr.a:console_init.*(SORT_BY_ALIGNMENT(.literal) SORT_BY_ALIGNMENT(.text) SORT_BY_ALIGNMENT(.literal.*) SORT_BY_ALIGNMENT(.text.*))
 .text.esp_console_init
                0x40801774       0xf8 zephyr/libzephyr.a(console_init.c.obj)
                0x40801774                esp_console_init
 *libzephyr.a:soc_init.*(SORT_BY_ALIGNMENT(.literal) SORT_BY_ALIGNMENT(.text) SORT_BY_ALIGNMENT(.literal.*) SORT_BY_ALIGNMENT(.text.*))
 .text.print_banner
                0x4080186c       0x2c zephyr/libzephyr.a(soc_init.c.obj)
                0x4080186c                print_banner
 .text.read_bootloader_header
                0x40801898       0x30 zephyr/libzephyr.a(soc_init.c.obj)
                0x40801898                read_bootloader_header
 .text.config_wdt
                0x408018c8       0x6e zephyr/libzephyr.a(soc_init.c.obj)
                0x408018c8                config_wdt
 .text.check_bootloader_validity
                0x40801936       0x94 zephyr/libzephyr.a(soc_init.c.obj)
                0x40801936                check_bootloader_validity
 .text.soc_hw_init
                0x408019ca       0xd8 zephyr/libzephyr.a(soc_init.c.obj)
                0x408019ca                soc_hw_init
 .text.ana_super_wdt_reset_config
                0x40801aa2       0x1e zephyr/libzephyr.a(soc_init.c.obj)
                0x40801aa2                ana_super_wdt_reset_config
 .text.ana_reset_config
                0x40801ac0       0x26 zephyr/libzephyr.a(soc_init.c.obj)
                0x40801ac0                ana_reset_config
 .text.super_wdt_auto_feed
                0x40801ae6       0x2a zephyr/libzephyr.a(soc_init.c.obj)
                0x40801ae6                super_wdt_auto_feed
 .text.wdt_reset_cpu0_info_enable
                0x40801b10       0x20 zephyr/libzephyr.a(soc_init.c.obj)
                0x40801b10                wdt_reset_cpu0_info_enable
 .text.check_wdt_reset
                0x40801b30       0x38 zephyr/libzephyr.a(soc_init.c.obj)
                0x40801b30                check_wdt_reset
 .text.ana_clock_glitch_reset_config
                0x40801b68        0x2 zephyr/libzephyr.a(soc_init.c.obj)
                0x40801b68                ana_clock_glitch_reset_config
 .text.bootloader_clock_configure
                0x40801b6a      0x1ec zephyr/libzephyr.a(soc_init.c.obj)
                0x40801b6a                bootloader_clock_configure
 *libzephyr.a:hw_init.*(SORT_BY_ALIGNMENT(.literal) SORT_BY_ALIGNMENT(.text) SORT_BY_ALIGNMENT(.literal.*) SORT_BY_ALIGNMENT(.text.*))
 .text.hardware_init
                0x40801d56       0xa2 zephyr/libzephyr.a(hw_init.c.obj)
                0x40801d56                hardware_init
 *libzephyr.a:soc_random.*(SORT_BY_ALIGNMENT(.literal) SORT_BY_ALIGNMENT(.text) SORT_BY_ALIGNMENT(.literal.*) SORT_BY_ALIGNMENT(.text.*))
 .text.soc_random_enable
                0x40801df8      0x226 zephyr/libzephyr.a(soc_random.c.obj)
                0x40801df8                soc_random_enable
 .text.soc_random_disable
                0x4080201e      0x132 zephyr/libzephyr.a(soc_random.c.obj)
                0x4080201e                soc_random_disable
 *libarch__riscv__core.a:(SORT_BY_ALIGNMENT(.literal) SORT_BY_ALIGNMENT(.text) SORT_BY_ALIGNMENT(.literal.*) SORT_BY_ALIGNMENT(.text.*))
 *fill*         0x40802150        0x0 
 .text.z_riscv_switch
                0x40802150       0x78 zephyr/arch/arch/riscv/core/libarch__riscv__core.a(switch.S.obj)
                0x40802150                z_riscv_switch
 *fill*         0x408021c8        0x0 
 .text.z_riscv_write_pmp_entries
                0x408021c8      0x18a zephyr/arch/arch/riscv/core/libarch__riscv__core.a(pmp.S.obj)
                0x408021c8                z_riscv_write_pmp_entries
                0x4080233e                z_riscv_clear_all_pmp_entries
 .text.arch_cpu_idle
                0x40802352        0xc zephyr/arch/arch/riscv/core/libarch__riscv__core.a(cpu_idle.c.obj)
                0x40802352                arch_cpu_idle
 .text.z_riscv_get_sp_before_exc
                0x4080235e        0x6 zephyr/arch/arch/riscv/core/libarch__riscv__core.a(fatal.c.obj)
                0x4080235e                z_riscv_get_sp_before_exc
 .text.z_riscv_fatal_error
                0x40802364      0x1a6 zephyr/arch/arch/riscv/core/libarch__riscv__core.a(fatal.c.obj)
                0x40802364                z_riscv_fatal_error
 .text.z_riscv_fault
                0x4080250a        0xa zephyr/arch/arch/riscv/core/libarch__riscv__core.a(fatal.c.obj)
                0x4080250a                z_riscv_fault
 .text.z_irq_spurious
                0x40802514        0xe zephyr/arch/arch/riscv/core/libarch__riscv__core.a(irq_manage.c.obj)
                0x40802514                z_irq_spurious
 .text.arch_irq_connect_dynamic
                0x40802522       0x18 zephyr/arch/arch/riscv/core/libarch__riscv__core.a(irq_manage.c.obj)
                0x40802522                arch_irq_connect_dynamic
 .text.arch_new_thread
                0x4080253a       0x4c zephyr/arch/arch/riscv/core/libarch__riscv__core.a(thread.c.obj)
                0x4080253a                arch_new_thread
 .text.arch_coprocessors_disable
                0x40802586        0x6 zephyr/arch/arch/riscv/core/libarch__riscv__core.a(thread.c.obj)
                0x40802586                arch_coprocessors_disable
 .text.write_pmp_entries.constprop.0
                0x4080258c       0x34 zephyr/arch/arch/riscv/core/libarch__riscv__core.a(pmp.c.obj)
 .text.set_pmp_entry.constprop.0.isra.0
                0x408025c0       0xba zephyr/arch/arch/riscv/core/libarch__riscv__core.a(pmp.c.obj)
 .text.z_riscv_pmp_init
                0x4080267a       0xcc zephyr/arch/arch/riscv/core/libarch__riscv__core.a(pmp.c.obj)
                0x4080267a                z_riscv_pmp_init
 .text.z_riscv_pmp_kernelmode_prepare
                0x40802746       0x5e zephyr/arch/arch/riscv/core/libarch__riscv__core.a(pmp.c.obj)
                0x40802746                z_riscv_pmp_kernelmode_prepare
 .text.z_riscv_pmp_kernelmode_enable
                0x408027a4       0x36 zephyr/arch/arch/riscv/core/libarch__riscv__core.a(pmp.c.obj)
                0x408027a4                z_riscv_pmp_kernelmode_enable
 .text.arch_tls_stack_setup
                0x408027da       0x5c zephyr/arch/arch/riscv/core/libarch__riscv__core.a(tls.c.obj)
                0x408027da                arch_tls_stack_setup
 .text.in_stack_bound
                0x40802836       0x3a zephyr/arch/arch/riscv/core/libarch__riscv__core.a(stacktrace.c.obj)
 .text.walk_stackframe
                0x40802870       0xc2 zephyr/arch/arch/riscv/core/libarch__riscv__core.a(stacktrace.c.obj)
 .text.print_trace_address
                0x40802932       0x22 zephyr/arch/arch/riscv/core/libarch__riscv__core.a(stacktrace.c.obj)
 .text.in_fatal_stack_bound
                0x40802954       0x36 zephyr/arch/arch/riscv/core/libarch__riscv__core.a(stacktrace.c.obj)
 .text.z_riscv_unwind_stack
                0x4080298a       0x4a zephyr/arch/arch/riscv/core/libarch__riscv__core.a(stacktrace.c.obj)
                0x4080298a                z_riscv_unwind_stack
 *libarch__common.a:(SORT_BY_ALIGNMENT(.literal) SORT_BY_ALIGNMENT(.text) SORT_BY_ALIGNMENT(.literal.*) SORT_BY_ALIGNMENT(.text.*))
 .text.z_get_sw_isr_table_idx
                0x408029d4        0x2 zephyr/arch/common/libarch__common.a(sw_isr_common.c.obj)
                0x408029d4                z_get_sw_isr_table_idx
 .text.z_isr_install
                0x408029d6       0x28 zephyr/arch/common/libarch__common.a(dynamic_isr.c.obj)
                0x408029d6                z_isr_install
 .text.arch_early_memset
                0x408029fe        0x8 zephyr/arch/common/libarch__common.a(init.c.obj)
                0x408029fe                arch_early_memset
 .text.arch_bss_zero
                0x40802a06       0x1c zephyr/arch/common/libarch__common.a(init.c.obj)
                0x40802a06                arch_bss_zero
 *libkernel.a:(SORT_BY_ALIGNMENT(.literal) SORT_BY_ALIGNMENT(.text) SORT_BY_ALIGNMENT(.literal.*) SORT_BY_ALIGNMENT(.text.*))
 .text.do_device_init
                0x40802a22       0x46 zephyr/kernel/libkernel.a(device.c.obj)
                0x40802a22                do_device_init
 .text.z_impl_device_is_ready
                0x40802a68       0x1c zephyr/kernel/libkernel.a(device.c.obj)
                0x40802a68                z_impl_device_is_ready
 .text.arch_system_halt
                0x40802a84        0x6 zephyr/kernel/libkernel.a(fatal.c.obj)
                0x40802a84                arch_system_halt
 .text.k_sys_fatal_error_handler
                0x40802a8a        0x6 zephyr/kernel/libkernel.a(fatal.c.obj)
                0x40802a8a                k_sys_fatal_error_handler
 .text.z_fatal_error
                0x40802a90       0x2c zephyr/kernel/libkernel.a(fatal.c.obj)
                0x40802a90                z_fatal_error
 .text.z_sys_init_run_level
                0x40802abc       0x46 zephyr/kernel/libkernel.a(init.c.obj)
 .text.bg_thread_main
                0x40802b02       0xc4 zephyr/kernel/libkernel.a(init.c.obj)
 .text.z_init_cpu
                0x40802bc6       0x86 zephyr/kernel/libkernel.a(init.c.obj)
                0x40802bc6                z_init_cpu
 .text.z_cstart
                0x40802c4c       0xac zephyr/kernel/libkernel.a(init.c.obj)
                0x40802c4c                z_cstart
 .text.idle     0x40802cf8        0xe zephyr/kernel/libkernel.a(idle.c.obj)
                0x40802cf8                idle
 .text.z_impl_k_mutex_init
                0x40802d06       0x10 zephyr/kernel/libkernel.a(mutex.c.obj)
                0x40802d06                z_impl_k_mutex_init
 .text.z_setup_new_thread
                0x40802d16       0x98 zephyr/kernel/libkernel.a(thread.c.obj)
                0x40802d16                z_setup_new_thread
 .text.z_impl_k_thread_create
                0x40802dae       0x50 zephyr/kernel/libkernel.a(thread.c.obj)
                0x40802dae                z_impl_k_thread_create
 .text.z_dummy_thread_init
                0x40802dfe       0x32 zephyr/kernel/libkernel.a(thread.c.obj)
                0x40802dfe                z_dummy_thread_init
 .text.sys_dlist_remove
                0x40802e30       0x12 zephyr/kernel/libkernel.a(sched.c.obj)
 .text.unpend_thread_no_timeout
                0x40802e42       0x20 zephyr/kernel/libkernel.a(sched.c.obj)
 .text.ready_thread
                0x40802e62       0xa2 zephyr/kernel/libkernel.a(sched.c.obj)
 .text.unready_thread
                0x40802f04       0x74 zephyr/kernel/libkernel.a(sched.c.obj)
 .text.z_swap.isra.0
                0x40802f78       0x54 zephyr/kernel/libkernel.a(sched.c.obj)
 .text.reschedule.isra.0
                0x40802fcc       0x22 zephyr/kernel/libkernel.a(sched.c.obj)
 .text.move_current_to_end_of_prio_q
                0x40802fee       0x8c zephyr/kernel/libkernel.a(sched.c.obj)
                0x40802fee                move_current_to_end_of_prio_q
 .text.z_ready_thread
                0x4080307a       0x1c zephyr/kernel/libkernel.a(sched.c.obj)
                0x4080307a                z_ready_thread
 .text.z_sched_wake_thread_locked
                0x40803096       0x32 zephyr/kernel/libkernel.a(sched.c.obj)
                0x40803096                z_sched_wake_thread_locked
 .text.z_thread_timeout
                0x408030c8       0x1c zephyr/kernel/libkernel.a(sched.c.obj)
                0x408030c8                z_thread_timeout
 .text.z_reschedule
                0x408030e4        0x4 zephyr/kernel/libkernel.a(sched.c.obj)
                0x408030e4                z_reschedule
 .text.k_sched_lock
                0x408030e8       0x20 zephyr/kernel/libkernel.a(sched.c.obj)
                0x408030e8                k_sched_lock
 .text.k_sched_unlock
                0x40803108       0x66 zephyr/kernel/libkernel.a(sched.c.obj)
                0x40803108                k_sched_unlock
 .text.z_get_next_switch_handle
                0x4080316e       0x18 zephyr/kernel/libkernel.a(sched.c.obj)
                0x4080316e                z_get_next_switch_handle
 .text.z_unpend_all_locked
                0x40803186       0x36 zephyr/kernel/libkernel.a(sched.c.obj)
                0x40803186                z_unpend_all_locked
 .text.z_unpend_all
                0x408031bc       0x1c zephyr/kernel/libkernel.a(sched.c.obj)
                0x408031bc                z_unpend_all
 .text.z_sched_init
                0x408031d8       0x16 zephyr/kernel/libkernel.a(sched.c.obj)
                0x408031d8                z_sched_init
 .text.z_impl_k_yield
                0x408031ee       0x98 zephyr/kernel/libkernel.a(sched.c.obj)
                0x408031ee                z_impl_k_yield
 .text.z_tick_sleep
                0x40803286       0x80 zephyr/kernel/libkernel.a(sched.c.obj)
 .text.z_impl_k_sleep
                0x40803306       0x24 zephyr/kernel/libkernel.a(sched.c.obj)
                0x40803306                z_impl_k_sleep
 .text.z_impl_k_wakeup
                0x4080332a       0x48 zephyr/kernel/libkernel.a(sched.c.obj)
                0x4080332a                z_impl_k_wakeup
 .text.z_impl_k_sched_current_thread_query
                0x40803372        0xc zephyr/kernel/libkernel.a(sched.c.obj)
                0x40803372                z_impl_k_sched_current_thread_query
 .text.z_thread_abort
                0x4080337e      0x140 zephyr/kernel/libkernel.a(sched.c.obj)
                0x4080337e                z_thread_abort
 .text.z_impl_k_thread_abort
                0x408034be        0x2 zephyr/kernel/libkernel.a(sched.c.obj)
                0x408034be                z_impl_k_thread_abort
 .text.z_time_slice_size
                0x408034c0       0x3e zephyr/kernel/libkernel.a(timeslicing.c.obj)
 .text.slice_timeout
                0x408034fe       0x2c zephyr/kernel/libkernel.a(timeslicing.c.obj)
 .text.z_reset_time_slice
                0x4080352a       0x64 zephyr/kernel/libkernel.a(timeslicing.c.obj)
                0x4080352a                z_reset_time_slice
 .text.z_time_slice
                0x4080358e       0x50 zephyr/kernel/libkernel.a(timeslicing.c.obj)
                0x4080358e                z_time_slice
 .text.first    0x408035de        0xe zephyr/kernel/libkernel.a(timeout.c.obj)
 .text.next_timeout
                0x408035ec       0x42 zephyr/kernel/libkernel.a(timeout.c.obj)
 .text.elapsed  0x4080362e       0x16 zephyr/kernel/libkernel.a(timeout.c.obj)
 .text.remove_timeout
                0x40803644       0x38 zephyr/kernel/libkernel.a(timeout.c.obj)
 .text.z_add_timeout
                0x4080367c      0x160 zephyr/kernel/libkernel.a(timeout.c.obj)
                0x4080367c                z_add_timeout
 .text.z_abort_timeout
                0x408037dc       0x76 zephyr/kernel/libkernel.a(timeout.c.obj)
                0x408037dc                z_abort_timeout
 .text.sys_clock_announce_locked
                0x40803852       0xee zephyr/kernel/libkernel.a(timeout.c.obj)
                0x40803852                sys_clock_announce_locked
 .text.sys_clock_tick_get
                0x40803940       0x38 zephyr/kernel/libkernel.a(timeout.c.obj)
                0x40803940                sys_clock_tick_get
 .text.sys_clock_tick_get_32
                0x40803978        0xc zephyr/kernel/libkernel.a(timeout.c.obj)
                0x40803978                sys_clock_tick_get_32
 .text.z_impl_atomic_add
                0x40803984       0x16 zephyr/kernel/libkernel.a(atomic_c.c.obj)
                0x40803984                z_impl_atomic_add
 .text.z_impl_atomic_sub
                0x4080399a       0x18 zephyr/kernel/libkernel.a(atomic_c.c.obj)
                0x4080399a                z_impl_atomic_sub
 .text.z_alloc_helper
                0x408039b2       0x3a zephyr/kernel/libkernel.a(mempool.c.obj)
 .text.k_free   0x408039ec        0xe zephyr/kernel/libkernel.a(mempool.c.obj)
                0x408039ec                k_free
 .text.k_malloc
                0x408039fa       0x16 zephyr/kernel/libkernel.a(mempool.c.obj)
                0x408039fa                k_malloc
 .text.k_thread_system_pool_assign
                0x40803a10        0xe zephyr/kernel/libkernel.a(mempool.c.obj)
                0x40803a10                k_thread_system_pool_assign
 .text.boot_banner
                0x40803a1e        0xa zephyr/kernel/libkernel.a(banner.c.obj)
                0x40803a1e                boot_banner
 .text.k_heap_init
                0x40803a28       0x10 zephyr/kernel/libkernel.a(kheap.c.obj)
                0x40803a28                k_heap_init
 .text.statics_init
                0x40803a38       0x34 zephyr/kernel/libkernel.a(kheap.c.obj)
 .text.k_heap_free
                0x40803a6c       0x42 zephyr/kernel/libkernel.a(kheap.c.obj)
                0x40803a6c                k_heap_free
 *libgcc.a:lib2funcs.*(SORT_BY_ALIGNMENT(.literal) SORT_BY_ALIGNMENT(.text) SORT_BY_ALIGNMENT(.literal.*) SORT_BY_ALIGNMENT(.text.*))
 *libdrivers__flash.a:flash_esp32.*(SORT_BY_ALIGNMENT(.literal) SORT_BY_ALIGNMENT(.text) SORT_BY_ALIGNMENT(.literal.*) SORT_BY_ALIGNMENT(.text.*))
 *libzephyr.a:log_noos.*(SORT_BY_ALIGNMENT(.literal) SORT_BY_ALIGNMENT(.text) SORT_BY_ALIGNMENT(.literal.*) SORT_BY_ALIGNMENT(.text.*))
 *libdrivers__timer.a:esp32c6_sys_timer.*(SORT_BY_ALIGNMENT(.literal) SORT_BY_ALIGNMENT(.text) SORT_BY_ALIGNMENT(.literal.*) SORT_BY_ALIGNMENT(.text.*))
 *libzephyr.a:log_core.*(SORT_BY_ALIGNMENT(.literal) SORT_BY_ALIGNMENT(.text) SORT_BY_ALIGNMENT(.literal.*) SORT_BY_ALIGNMENT(.text.*))
 *libzephyr.a:cbprintf_complete.*(SORT_BY_ALIGNMENT(.literal) SORT_BY_ALIGNMENT(.text) SORT_BY_ALIGNMENT(.literal.*) SORT_BY_ALIGNMENT(.text.*))
 *libzephyr.a:printk.*(SORT_BY_ALIGNMENT(.literal.printk) SORT_BY_ALIGNMENT(.literal.vprintk) SORT_BY_ALIGNMENT(.literal.char_out) SORT_BY_ALIGNMENT(.text.printk) SORT_BY_ALIGNMENT(.text.vprintk) SORT_BY_ALIGNMENT(.text.char_out))
 .text.char_out
                0x40803aae        0xa zephyr/libzephyr.a(printk.c.obj)
 .text.vprintk  0x40803ab8       0x30 zephyr/libzephyr.a(printk.c.obj)
                0x40803ab8                vprintk
 .text.printk   0x40803ae8       0x1e zephyr/libzephyr.a(printk.c.obj)
                0x40803ae8                printk
 *libzephyr.a:log_msg.*(SORT_BY_ALIGNMENT(.literal) SORT_BY_ALIGNMENT(.text) SORT_BY_ALIGNMENT(.literal.*) SORT_BY_ALIGNMENT(.text.*))
 *libzephyr.a:log_list.*(SORT_BY_ALIGNMENT(.literal) SORT_BY_ALIGNMENT(.text) SORT_BY_ALIGNMENT(.literal.*) SORT_BY_ALIGNMENT(.text.*))
 *libdrivers__console.a:uart_console.*(SORT_BY_ALIGNMENT(.literal.console_out) SORT_BY_ALIGNMENT(.text.console_out))
 .text.console_out
                0x40803b06       0x46 zephyr/drivers/console/libdrivers__console.a(uart_console.c.obj)
 *libzephyr.a:log_output.*(SORT_BY_ALIGNMENT(.literal) SORT_BY_ALIGNMENT(.text) SORT_BY_ALIGNMENT(.literal.*) SORT_BY_ALIGNMENT(.text.*))
 *libzephyr.a:log_backend_uart.*(SORT_BY_ALIGNMENT(.literal) SORT_BY_ALIGNMENT(.text) SORT_BY_ALIGNMENT(.literal.*) SORT_BY_ALIGNMENT(.text.*))
 *libzephyr.a:rtc_*.*(SORT_BY_ALIGNMENT(.literal) SORT_BY_ALIGNMENT(.text) SORT_BY_ALIGNMENT(.literal.*) SORT_BY_ALIGNMENT(.text.*))
 .text.rtc_gpio_is_valid_gpio
                0x40803b4c       0x20 zephyr/libzephyr.a(rtc_io.c.obj)
                0x40803b4c                rtc_gpio_is_valid_gpio
 .text.rtc_gpio_pullup_en
                0x40803b6c       0x54 zephyr/libzephyr.a(rtc_io.c.obj)
                0x40803b6c                rtc_gpio_pullup_en
 .text.rtc_gpio_pullup_dis
                0x40803bc0       0x54 zephyr/libzephyr.a(rtc_io.c.obj)
                0x40803bc0                rtc_gpio_pullup_dis
 .text.rtc_gpio_pulldown_en
                0x40803c14       0x56 zephyr/libzephyr.a(rtc_io.c.obj)
                0x40803c14                rtc_gpio_pulldown_en
 .text.rtc_gpio_pulldown_dis
                0x40803c6a       0x56 zephyr/libzephyr.a(rtc_io.c.obj)
                0x40803c6a                rtc_gpio_pulldown_dis
 .text.rtc_clk_bbpll_disable
                0x40803cc0       0x22 zephyr/libzephyr.a(rtc_clk.c.obj)
 .text.rtc_clk_cpu_freq_to_rc_fast
                0x40803ce2       0x48 zephyr/libzephyr.a(rtc_clk.c.obj)
 .text.rtc_clk_cpu_freq_to_pll_mhz
                0x40803d2a       0x66 zephyr/libzephyr.a(rtc_clk.c.obj)
 .text.rtc_clk_32k_enable.part.0
                0x40803d90       0x54 zephyr/libzephyr.a(rtc_clk.c.obj)
 .text.rtc_clk_bbpll_add_consumer
                0x40803de4       0x10 zephyr/libzephyr.a(rtc_clk.c.obj)
                0x40803de4                rtc_clk_bbpll_add_consumer
 .text.rtc_clk_bbpll_remove_consumer
                0x40803df4       0x10 zephyr/libzephyr.a(rtc_clk.c.obj)
                0x40803df4                rtc_clk_bbpll_remove_consumer
 .text.rtc_clk_32k_enable
                0x40803e04       0x1a zephyr/libzephyr.a(rtc_clk.c.obj)
                0x40803e04                rtc_clk_32k_enable
 .text.rtc_clk_rc32k_enable
                0x40803e1e       0x2c zephyr/libzephyr.a(rtc_clk.c.obj)
                0x40803e1e                rtc_clk_rc32k_enable
 .text.rtc_clk_8m_enable
                0x40803e4a       0x2c zephyr/libzephyr.a(rtc_clk.c.obj)
                0x40803e4a                rtc_clk_8m_enable
 .text.rtc_clk_slow_src_set
                0x40803e76       0x98 zephyr/libzephyr.a(rtc_clk.c.obj)
                0x40803e76                rtc_clk_slow_src_set
 .text.rtc_clk_slow_src_get
                0x40803f0e        0xc zephyr/libzephyr.a(rtc_clk.c.obj)
                0x40803f0e                rtc_clk_slow_src_get
 .text.rtc_clk_fast_src_set
                0x40803f1a       0x34 zephyr/libzephyr.a(rtc_clk.c.obj)
                0x40803f1a                rtc_clk_fast_src_set
 .text.rtc_clk_set_cpu_switch_to_pll
                0x40803f4e        0x2 zephyr/libzephyr.a(rtc_clk.c.obj)
                0x40803f4e                rtc_clk_set_cpu_switch_to_pll
 .text.rtc_clk_cpu_freq_mhz_to_config
                0x40803f50       0x6c zephyr/libzephyr.a(rtc_clk.c.obj)
                0x40803f50                rtc_clk_cpu_freq_mhz_to_config
 .text.rtc_clk_cpu_freq_set_config
                0x40803fbc      0x18e zephyr/libzephyr.a(rtc_clk.c.obj)
                0x40803fbc                rtc_clk_cpu_freq_set_config
 .text.rtc_clk_cpu_freq_get_config
                0x4080414a       0xee zephyr/libzephyr.a(rtc_clk.c.obj)
                0x4080414a                rtc_clk_cpu_freq_get_config
 .text.rtc_clk_cpu_freq_set_xtal
                0x40804238       0x10 zephyr/libzephyr.a(rtc_clk.c.obj)
                0x40804238                rtc_clk_cpu_freq_set_xtal
 .text.rtc_clk_xtal_freq_update
                0x40804248       0x26 zephyr/libzephyr.a(rtc_clk.c.obj)
                0x40804248                rtc_clk_xtal_freq_update
 .text.rtc_clk_apb_freq_get
                0x4080426e       0xe2 zephyr/libzephyr.a(rtc_clk.c.obj)
                0x4080426e                rtc_clk_apb_freq_get
 .text.rtc_dig_clk8m_enable
                0x40804350       0x1c zephyr/libzephyr.a(rtc_clk.c.obj)
                0x40804350                rtc_dig_clk8m_enable
 .text.rtc_dig_clk8m_disable
                0x4080436c       0x1a zephyr/libzephyr.a(rtc_clk.c.obj)
                0x4080436c                rtc_dig_clk8m_disable
 .text.rtc_clk_cal
                0x40804386      0x454 zephyr/libzephyr.a(rtc_time.c.obj)
                0x40804386                rtc_clk_cal
 .text.rtc_time_us_to_slowclk
                0x408047da       0x94 zephyr/libzephyr.a(rtc_time.c.obj)
                0x408047da                rtc_time_us_to_slowclk
 .text.rtc_time_get
                0x4080486e       0x28 zephyr/libzephyr.a(rtc_time.c.obj)
                0x4080486e                rtc_time_get
 .text.rtc_clk_freq_cal
                0x40804896       0x22 zephyr/libzephyr.a(rtc_time.c.obj)
                0x40804896                rtc_clk_freq_to_period
                0x40804896                rtc_clk_freq_cal
 *libzephyr.a:periph_ctrl.*(SORT_BY_ALIGNMENT(.literal) SORT_BY_ALIGNMENT(.text) SORT_BY_ALIGNMENT(.literal.*) SORT_BY_ALIGNMENT(.text.*))
 .text.periph_rcc_acquire_enter
                0x408048b8       0x24 zephyr/libzephyr.a(periph_ctrl.c.obj)
                0x408048b8                periph_rcc_acquire_enter
 .text.periph_rcc_acquire_exit
                0x408048dc       0x14 zephyr/libzephyr.a(periph_ctrl.c.obj)
                0x408048dc                periph_rcc_acquire_exit
 .text.periph_rcc_release_enter
                0x408048f0       0x2c zephyr/libzephyr.a(periph_ctrl.c.obj)
                0x408048f0                periph_rcc_release_enter
 .text.periph_rcc_release_exit
                0x4080491c       0x12 zephyr/libzephyr.a(periph_ctrl.c.obj)
                0x4080491c                periph_rcc_release_exit
 .text.periph_module_enable
                0x4080492e       0x64 zephyr/libzephyr.a(periph_ctrl.c.obj)
                0x4080492e                periph_module_enable
 .text.periph_module_disable
                0x40804992       0x60 zephyr/libzephyr.a(periph_ctrl.c.obj)
                0x40804992                periph_module_disable
 .text.non_shared_periph_module_enable
                0x408049f2      0x358 zephyr/libzephyr.a(periph_ctrl.c.obj)
                0x408049f2                non_shared_periph_module_enable
 .text.non_shared_periph_module_disable
                0x40804d4a      0x200 zephyr/libzephyr.a(periph_ctrl.c.obj)
                0x40804d4a                non_shared_periph_module_disable
 *libzephyr.a:regi2c_ctrl.*(SORT_BY_ALIGNMENT(.literal) SORT_BY_ALIGNMENT(.text) SORT_BY_ALIGNMENT(.literal.*) SORT_BY_ALIGNMENT(.text.*))
 .text.regi2c_ctrl_read_reg_mask
                0x40804f4a       0x86 zephyr/libzephyr.a(regi2c_ctrl.c.obj)
                0x40804f4a                regi2c_ctrl_read_reg_mask
 .text.regi2c_ctrl_write_reg
                0x40804fd0       0x78 zephyr/libzephyr.a(regi2c_ctrl.c.obj)
                0x40804fd0                regi2c_ctrl_write_reg
 .text.regi2c_ctrl_write_reg_mask
                0x40805048       0x8c zephyr/libzephyr.a(regi2c_ctrl.c.obj)
                0x40805048                regi2c_ctrl_write_reg_mask
 .text.regi2c_saradc_enable
                0x408050d4       0x4c zephyr/libzephyr.a(regi2c_ctrl.c.obj)
                0x408050d4                regi2c_saradc_enable
 .text.regi2c_saradc_disable
                0x40805120       0x3e zephyr/libzephyr.a(regi2c_ctrl.c.obj)
                0x40805120                regi2c_saradc_disable
 *libgcov.a:(SORT_BY_ALIGNMENT(.literal) SORT_BY_ALIGNMENT(.text) SORT_BY_ALIGNMENT(.literal.*) SORT_BY_ALIGNMENT(.text.*))
 *libphy.a:(SORT_BY_ALIGNMENT(.phyiram) SORT_BY_ALIGNMENT(.phyiram.*))
 *librtc.a:(SORT_BY_ALIGNMENT(.literal) SORT_BY_ALIGNMENT(.text) SORT_BY_ALIGNMENT(.literal.*) SORT_BY_ALIGNMENT(.text.*))
 *libzephyr.a:efuse_hal.*(SORT_BY_ALIGNMENT(.literal) SORT_BY_ALIGNMENT(.text) SORT_BY_ALIGNMENT(.literal.*) SORT_BY_ALIGNMENT(.text.*))
 *libzephyr.a:mmu_hal.*(SORT_BY_ALIGNMENT(.literal) SORT_BY_ALIGNMENT(.text) SORT_BY_ALIGNMENT(.literal.*) SORT_BY_ALIGNMENT(.text.*))
 .text.mmu_ll_check_valid_paddr_region.isra.0
                0x4080515e       0x86 zephyr/libzephyr.a(mmu_hal.c.obj)
 .text.mmu_hal_ctx_init
                0x408051e4        0xe zephyr/libzephyr.a(mmu_hal.c.obj)
                0x408051e4                mmu_hal_ctx_init
 .text.mmu_hal_unmap_all
                0x408051f2       0x36 zephyr/libzephyr.a(mmu_hal.c.obj)
                0x408051f2                mmu_hal_unmap_all
 .text.mmu_hal_pages_to_bytes
                0x40805228       0x20 zephyr/libzephyr.a(mmu_hal.c.obj)
                0x40805228                mmu_hal_pages_to_bytes
 .text.mmu_hal_paddr_to_vaddr
                0x40805248       0xce zephyr/libzephyr.a(mmu_hal.c.obj)
                0x40805248                mmu_hal_paddr_to_vaddr
 .text.mmu_hal_map_region
                0x40805316       0xf2 zephyr/libzephyr.a(mmu_hal.c.obj)
                0x40805316                mmu_hal_map_region
 *libzephyr.a:spi_flash_hal_iram.*(SORT_BY_ALIGNMENT(.literal) SORT_BY_ALIGNMENT(.literal.*) SORT_BY_ALIGNMENT(.text) SORT_BY_ALIGNMENT(.text.*))
 .text.spimem_flash_ll_get_source_freq_mhz
                0x40805408       0x36 zephyr/libzephyr.a(spi_flash_hal_iram.c.obj)
 .text.spi_flash_hal_poll_cmd_done
                0x4080543e        0x8 zephyr/libzephyr.a(spi_flash_hal_iram.c.obj)
                0x4080543e                spi_flash_hal_poll_cmd_done
 .text.spi_flash_hal_configure_host_io_mode
                0x40805446      0x1a2 zephyr/libzephyr.a(spi_flash_hal_iram.c.obj)
                0x40805446                spi_flash_hal_configure_host_io_mode
 .text.spi_flash_hal_common_command
                0x408055e8      0x1b2 zephyr/libzephyr.a(spi_flash_hal_iram.c.obj)
                0x408055e8                spi_flash_hal_common_command
 .text.spi_flash_hal_read
                0x4080579a       0xce zephyr/libzephyr.a(spi_flash_hal_iram.c.obj)
                0x4080579a                spi_flash_hal_read
 .text.spi_flash_hal_erase_chip
                0x40805868       0x1a zephyr/libzephyr.a(spi_flash_hal_iram.c.obj)
                0x40805868                spi_flash_hal_erase_chip
 .text.spi_flash_hal_erase_sector
                0x40805882       0x3e zephyr/libzephyr.a(spi_flash_hal_iram.c.obj)
                0x40805882                spi_flash_hal_erase_sector
 .text.spi_flash_hal_erase_block
                0x408058c0       0x38 zephyr/libzephyr.a(spi_flash_hal_iram.c.obj)
                0x408058c0                spi_flash_hal_erase_block
 .text.spi_flash_hal_program_page
                0x408058f8       0xb2 zephyr/libzephyr.a(spi_flash_hal_iram.c.obj)
                0x408058f8                spi_flash_hal_program_page
 .text.spi_flash_hal_set_write_protect
                0x408059aa       0x24 zephyr/libzephyr.a(spi_flash_hal_iram.c.obj)
                0x408059aa                spi_flash_hal_set_write_protect
 .text.spi_flash_hal_check_status
                0x408059ce       0x16 zephyr/libzephyr.a(spi_flash_hal_iram.c.obj)
                0x408059ce                spi_flash_hal_check_status
 .text.spi_flash_hal_setup_read_suspend
                0x408059e4       0x98 zephyr/libzephyr.a(spi_flash_hal_iram.c.obj)
                0x408059e4                spi_flash_hal_setup_read_suspend
 .text.spi_flash_hal_setup_auto_suspend_mode
                0x40805a7c      0x130 zephyr/libzephyr.a(spi_flash_hal_iram.c.obj)
                0x40805a7c                spi_flash_hal_setup_auto_suspend_mode
 .text.spi_flash_hal_disable_auto_suspend_mode
                0x40805bac       0x6a zephyr/libzephyr.a(spi_flash_hal_iram.c.obj)
                0x40805bac                spi_flash_hal_disable_auto_suspend_mode
 .text.spi_flash_hal_device_config
                0x40805c16       0xb6 zephyr/libzephyr.a(spi_flash_hal_iram.c.obj)
                0x40805c16                spi_flash_hal_device_config
 .text.spi_flash_hal_resume
                0x40805ccc       0x14 zephyr/libzephyr.a(spi_flash_hal_iram.c.obj)
                0x40805ccc                spi_flash_hal_resume
 .text.spi_flash_hal_suspend
                0x40805ce0       0x14 zephyr/libzephyr.a(spi_flash_hal_iram.c.obj)
                0x40805ce0                spi_flash_hal_suspend
 *libzephyr.a:spi_flash_encrypt_hal_iram.*(SORT_BY_ALIGNMENT(.literal) SORT_BY_ALIGNMENT(.text) SORT_BY_ALIGNMENT(.literal.*) SORT_BY_ALIGNMENT(.text.*))
 .text.spi_flash_encryption_hal_enable
                0x40805cf4       0x1c zephyr/libzephyr.a(spi_flash_encrypt_hal_iram.c.obj)
                0x40805cf4                spi_flash_encryption_hal_enable
 .text.spi_flash_encryption_hal_disable
                0x40805d10        0xc zephyr/libzephyr.a(spi_flash_encrypt_hal_iram.c.obj)
                0x40805d10                spi_flash_encryption_hal_disable
 .text.spi_flash_encryption_hal_prepare
                0x40805d1c       0x60 zephyr/libzephyr.a(spi_flash_encrypt_hal_iram.c.obj)
                0x40805d1c                spi_flash_encryption_hal_prepare
 .text.spi_flash_encryption_hal_done
                0x40805d7c       0x36 zephyr/libzephyr.a(spi_flash_encrypt_hal_iram.c.obj)
                0x40805d7c                spi_flash_encryption_hal_done
 .text.spi_flash_encryption_hal_destroy
                0x40805db2       0x12 zephyr/libzephyr.a(spi_flash_encrypt_hal_iram.c.obj)
                0x40805db2                spi_flash_encryption_hal_destroy
 .text.spi_flash_encryption_hal_check
                0x40805dc4        0xa zephyr/libzephyr.a(spi_flash_encrypt_hal_iram.c.obj)
                0x40805dc4                spi_flash_encryption_hal_check
 *libzephyr.a:cache_hal.*(SORT_BY_ALIGNMENT(.literal) SORT_BY_ALIGNMENT(.text) SORT_BY_ALIGNMENT(.literal.*) SORT_BY_ALIGNMENT(.text.*))
 .text.s_cache_hal_init_ctx
                0x40805dce       0x32 zephyr/libzephyr.a(cache_hal.c.obj)
                0x40805dce                s_cache_hal_init_ctx
 .text.cache_hal_init
                0x40805e00       0x60 zephyr/libzephyr.a(cache_hal.c.obj)
                0x40805e00                cache_hal_init
 .text.s_update_cache_state
                0x40805e60       0x22 zephyr/libzephyr.a(cache_hal.c.obj)
                0x40805e60                s_update_cache_state
 .text.cache_hal_disable
                0x40805e82       0x1c zephyr/libzephyr.a(cache_hal.c.obj)
                0x40805e82                cache_hal_disable
 .text.cache_hal_enable
                0x40805e9e       0x24 zephyr/libzephyr.a(cache_hal.c.obj)
                0x40805e9e                cache_hal_enable
 .text.cache_hal_suspend
                0x40805ec2       0x1c zephyr/libzephyr.a(cache_hal.c.obj)
                0x40805ec2                cache_hal_suspend
 .text.cache_hal_resume
                0x40805ede       0x24 zephyr/libzephyr.a(cache_hal.c.obj)
                0x40805ede                cache_hal_resume
 .text.cache_hal_invalidate_addr
                0x40805f02       0x3c zephyr/libzephyr.a(cache_hal.c.obj)
                0x40805f02                cache_hal_invalidate_addr
 *libzephyr.a:ledc_hal_iram.*(SORT_BY_ALIGNMENT(.literal) SORT_BY_ALIGNMENT(.text) SORT_BY_ALIGNMENT(.literal.*) SORT_BY_ALIGNMENT(.text.*))
 *libzephyr.a:i2c_hal_iram.*(SORT_BY_ALIGNMENT(.literal) SORT_BY_ALIGNMENT(.text) SORT_BY_ALIGNMENT(.literal.*) SORT_BY_ALIGNMENT(.text.*))
 *libzephyr.a:wdt_hal_iram.*(SORT_BY_ALIGNMENT(.literal) SORT_BY_ALIGNMENT(.text) SORT_BY_ALIGNMENT(.literal.*) SORT_BY_ALIGNMENT(.text.*))
 *libzephyr.a:systimer_hal.*(SORT_BY_ALIGNMENT(.literal) SORT_BY_ALIGNMENT(.text) SORT_BY_ALIGNMENT(.literal.*) SORT_BY_ALIGNMENT(.text.*))
 *libzephyr.a:spi_flash_hal_gpspi.*(SORT_BY_ALIGNMENT(.literal) SORT_BY_ALIGNMENT(.literal.*) SORT_BY_ALIGNMENT(.text) SORT_BY_ALIGNMENT(.text.*))
 .text.gpspi_flash_ll_get_buffer_data
                0x40805f3e       0x8c zephyr/libzephyr.a(spi_flash_hal_gpspi.c.obj)
 .text.spi_flash_hal_gpspi_poll_cmd_done
                0x40805fca        0xe zephyr/libzephyr.a(spi_flash_hal_gpspi.c.obj)
                0x40805fca                spi_flash_hal_gpspi_poll_cmd_done
 .text.spi_flash_hal_gpspi_device_config
                0x40805fd8       0xce zephyr/libzephyr.a(spi_flash_hal_gpspi.c.obj)
                0x40805fd8                spi_flash_hal_gpspi_device_config
 .text.spi_flash_hal_gpspi_configure_host_io_mode
                0x408060a6      0x19a zephyr/libzephyr.a(spi_flash_hal_gpspi.c.obj)
                0x408060a6                spi_flash_hal_gpspi_configure_host_io_mode
 .text.spi_flash_hal_gpspi_common_command
                0x40806240      0x18c zephyr/libzephyr.a(spi_flash_hal_gpspi.c.obj)
                0x40806240                spi_flash_hal_gpspi_common_command
 .text.spi_flash_hal_gpspi_read
                0x408063cc       0xb0 zephyr/libzephyr.a(spi_flash_hal_gpspi.c.obj)
                0x408063cc                spi_flash_hal_gpspi_read
 .text.spi_flash_hal_gpspi_supports_direct_write
                0x4080647c        0x4 zephyr/libzephyr.a(spi_flash_hal_gpspi.c.obj)
                0x4080647c                spi_flash_hal_gpspi_supports_direct_write
 .text.spi_flash_hal_gpspi_supports_direct_read
                0x40806480        0x4 zephyr/libzephyr.a(spi_flash_hal_gpspi.c.obj)
                0x40806480                spi_flash_hal_gpspi_supports_direct_read
 .text.spi_flash_hal_gpspi_check_status
                0x40806484        0xe zephyr/libzephyr.a(spi_flash_hal_gpspi.c.obj)
                0x40806484                spi_flash_hal_gpspi_check_status
 *libzephyr.a:modem_clock_hal.*(SORT_BY_ALIGNMENT(.literal) SORT_BY_ALIGNMENT(.literal.*) SORT_BY_ALIGNMENT(.text) SORT_BY_ALIGNMENT(.text.*))
 *libzephyr.a:modem_clock.*(SORT_BY_ALIGNMENT(.literal) SORT_BY_ALIGNMENT(.literal.*) SORT_BY_ALIGNMENT(.text) SORT_BY_ALIGNMENT(.text.*))
 *libzephyr.a:lldesc.*(SORT_BY_ALIGNMENT(.literal) SORT_BY_ALIGNMENT(.literal.*) SORT_BY_ALIGNMENT(.text) SORT_BY_ALIGNMENT(.text.*))
 *(SORT_BY_ALIGNMENT(.literal.esp_log_write) SORT_BY_ALIGNMENT(.text.esp_log_write))
 *(SORT_BY_ALIGNMENT(.literal.esp_log_timestamp) SORT_BY_ALIGNMENT(.text.esp_log_timestamp))
 *(SORT_BY_ALIGNMENT(.literal.esp_log_early_timestamp) SORT_BY_ALIGNMENT(.text.esp_log_early_timestamp))
 *(SORT_BY_ALIGNMENT(.literal.esp_log_impl_lock) SORT_BY_ALIGNMENT(.text.esp_log_impl_lock))
 *(SORT_BY_ALIGNMENT(.literal.esp_log_impl_lock_timeout) SORT_BY_ALIGNMENT(.text.esp_log_impl_lock_timeout))
 *(SORT_BY_ALIGNMENT(.literal.esp_log_impl_unlock) SORT_BY_ALIGNMENT(.text.esp_log_impl_unlock))
 *libzephyr.a:spi_flash_chip_boya.*(SORT_BY_ALIGNMENT(.literal) SORT_BY_ALIGNMENT(.literal.*) SORT_BY_ALIGNMENT(.text) SORT_BY_ALIGNMENT(.text.*))
 .text.spi_flash_chip_boya_probe
                0x40806492       0x22 zephyr/libzephyr.a(spi_flash_chip_boya.c.obj)
                0x40806492                spi_flash_chip_boya_probe
 .text.spi_flash_chip_boya_get_caps
                0x408064b4        0x4 zephyr/libzephyr.a(spi_flash_chip_boya.c.obj)
                0x408064b4                spi_flash_chip_boya_get_caps
 *libzephyr.a:spi_flash_chip_gd.*(SORT_BY_ALIGNMENT(.literal) SORT_BY_ALIGNMENT(.literal.*) SORT_BY_ALIGNMENT(.text) SORT_BY_ALIGNMENT(.text.*))
 .text.spi_flash_chip_gd_get_caps
                0x408064b8       0x14 zephyr/libzephyr.a(spi_flash_chip_gd.c.obj)
                0x408064b8                spi_flash_chip_gd_get_caps
 .text.spi_flash_chip_gd_detect_size
                0x408064cc       0x26 zephyr/libzephyr.a(spi_flash_chip_gd.c.obj)
                0x408064cc                spi_flash_chip_gd_detect_size
 .text.spi_flash_chip_gd_suspend_cmd_conf
                0x408064f2       0x24 zephyr/libzephyr.a(spi_flash_chip_gd.c.obj)
                0x408064f2                spi_flash_chip_gd_suspend_cmd_conf
 .text.spi_flash_chip_gd_get_io_mode
                0x40806516       0x20 zephyr/libzephyr.a(spi_flash_chip_gd.c.obj)
                0x40806516                spi_flash_chip_gd_get_io_mode
 .text.spi_flash_chip_gd_probe
                0x40806536       0x46 zephyr/libzephyr.a(spi_flash_chip_gd.c.obj)
                0x40806536                spi_flash_chip_gd_probe
 .text.spi_flash_chip_gd_set_io_mode
                0x4080657c       0x4a zephyr/libzephyr.a(spi_flash_chip_gd.c.obj)
                0x4080657c                spi_flash_chip_gd_set_io_mode
 *libzephyr.a:spi_flash_chip_generic.*(SORT_BY_ALIGNMENT(.literal) SORT_BY_ALIGNMENT(.literal.*) SORT_BY_ALIGNMENT(.text) SORT_BY_ALIGNMENT(.text.*))
 .text.spi_flash_chip_generic_detect_size
                0x408065c6       0x32 zephyr/libzephyr.a(spi_flash_chip_generic.c.obj)
                0x408065c6                spi_flash_chip_generic_detect_size
 .text.spi_flash_chip_generic_probe
                0x408065f8        0x4 zephyr/libzephyr.a(spi_flash_chip_generic.c.obj)
                0x408065f8                spi_flash_chip_generic_probe
 .text.spi_flash_chip_generic_reset
                0x408065fc       0x60 zephyr/libzephyr.a(spi_flash_chip_generic.c.obj)
                0x408065fc                spi_flash_chip_generic_reset
 .text.spi_flash_chip_generic_erase_chip
                0x4080665c       0x88 zephyr/libzephyr.a(spi_flash_chip_generic.c.obj)
                0x4080665c                spi_flash_chip_generic_erase_chip
 .text.spi_flash_chip_generic_set_write_protect
                0x408066e4       0x4e zephyr/libzephyr.a(spi_flash_chip_generic.c.obj)
                0x408066e4                spi_flash_chip_generic_set_write_protect
 .text.spi_flash_chip_generic_read_reg
                0x40806732        0xa zephyr/libzephyr.a(spi_flash_chip_generic.c.obj)
                0x40806732                spi_flash_chip_generic_read_reg
 .text.spi_flash_chip_generic_wait_idle
                0x4080673c       0xa8 zephyr/libzephyr.a(spi_flash_chip_generic.c.obj)
                0x4080673c                spi_flash_chip_generic_wait_idle
 .text.spi_flash_chip_generic_config_host_io_mode
                0x408067e4      0x11a zephyr/libzephyr.a(spi_flash_chip_generic.c.obj)
                0x408067e4                spi_flash_chip_generic_config_host_io_mode
 .text.spi_flash_chip_generic_get_caps
                0x408068fe       0x86 zephyr/libzephyr.a(spi_flash_chip_generic.c.obj)
                0x408068fe                spi_flash_chip_generic_get_caps
 .text.spi_flash_chip_generic_suspend_cmd_conf
                0x40806984       0x24 zephyr/libzephyr.a(spi_flash_chip_generic.c.obj)
                0x40806984                spi_flash_chip_generic_suspend_cmd_conf
 .text.spi_flash_chip_generic_read
                0x408069a8       0xc4 zephyr/libzephyr.a(spi_flash_chip_generic.c.obj)
                0x408069a8                spi_flash_chip_generic_read
 .text.spi_flash_chip_generic_write
                0x40806a6c       0xb6 zephyr/libzephyr.a(spi_flash_chip_generic.c.obj)
                0x40806a6c                spi_flash_chip_generic_write
 .text.spi_flash_chip_generic_get_write_protect
                0x40806b22       0x34 zephyr/libzephyr.a(spi_flash_chip_generic.c.obj)
                0x40806b22                spi_flash_chip_generic_get_write_protect
 .text.spi_flash_chip_generic_yield
                0x40806b56       0x4a zephyr/libzephyr.a(spi_flash_chip_generic.c.obj)
                0x40806b56                spi_flash_chip_generic_yield
 .text.spi_flash_chip_generic_read_unique_id
                0x40806ba0       0x94 zephyr/libzephyr.a(spi_flash_chip_generic.c.obj)
                0x40806ba0                spi_flash_chip_generic_read_unique_id
 .text.spi_flash_chip_generic_write_encrypted
                0x40806c34       0xe6 zephyr/libzephyr.a(spi_flash_chip_generic.c.obj)
                0x40806c34                spi_flash_chip_generic_write_encrypted
 .text.spi_flash_common_read_qe_sr.constprop.0.isra.0
                0x40806d1a       0x46 zephyr/libzephyr.a(spi_flash_chip_generic.c.obj)
 .text.spi_flash_common_read_status_16b_rdsr_rdsr2
                0x40806d60       0x40 zephyr/libzephyr.a(spi_flash_chip_generic.c.obj)
                0x40806d60                spi_flash_common_read_status_16b_rdsr_rdsr2
 .text.spi_flash_common_write_qe_sr.isra.0
                0x40806da0       0x44 zephyr/libzephyr.a(spi_flash_chip_generic.c.obj)
 .text.spi_flash_common_write_status_16b_wrsr
                0x40806de4        0xc zephyr/libzephyr.a(spi_flash_chip_generic.c.obj)
                0x40806de4                spi_flash_common_write_status_16b_wrsr
 .text.spi_flash_chip_generic_erase_block
                0x40806df0       0xcc zephyr/libzephyr.a(spi_flash_chip_generic.c.obj)
                0x40806df0                spi_flash_chip_generic_erase_block
 .text.spi_flash_chip_generic_erase_sector
                0x40806ebc       0xcc zephyr/libzephyr.a(spi_flash_chip_generic.c.obj)
                0x40806ebc                spi_flash_chip_generic_erase_sector
 .text.spi_flash_chip_generic_page_program
                0x40806f88       0xbe zephyr/libzephyr.a(spi_flash_chip_generic.c.obj)
                0x40806f88                spi_flash_chip_generic_page_program
 .text.spi_flash_chip_generic_read_unique_id_none
                0x40807046        0x6 zephyr/libzephyr.a(spi_flash_chip_generic.c.obj)
                0x40807046                spi_flash_chip_generic_read_unique_id_none
 .text.spi_flash_common_read_status_8b_rdsr2
                0x4080704c        0xc zephyr/libzephyr.a(spi_flash_chip_generic.c.obj)
                0x4080704c                spi_flash_common_read_status_8b_rdsr2
 .text.spi_flash_chip_generic_get_io_mode
                0x40807058       0x20 zephyr/libzephyr.a(spi_flash_chip_generic.c.obj)
                0x40807058                spi_flash_chip_generic_get_io_mode
 .text.spi_flash_common_read_status_8b_rdsr
                0x40807078        0xa zephyr/libzephyr.a(spi_flash_chip_generic.c.obj)
                0x40807078                spi_flash_common_read_status_8b_rdsr
 .text.spi_flash_common_write_status_8b_wrsr
                0x40807082        0xc zephyr/libzephyr.a(spi_flash_chip_generic.c.obj)
                0x40807082                spi_flash_common_write_status_8b_wrsr
 .text.spi_flash_common_write_status_8b_wrsr2
                0x4080708e        0xe zephyr/libzephyr.a(spi_flash_chip_generic.c.obj)
                0x4080708e                spi_flash_common_write_status_8b_wrsr2
 .text.spi_flash_common_set_io_mode
                0x4080709c       0x9c zephyr/libzephyr.a(spi_flash_chip_generic.c.obj)
                0x4080709c                spi_flash_common_set_io_mode
 .text.spi_flash_chip_generic_set_io_mode
                0x40807138       0x18 zephyr/libzephyr.a(spi_flash_chip_generic.c.obj)
                0x40807138                spi_flash_chip_generic_set_io_mode
 *libzephyr.a:spi_flash_chip_issi.*(SORT_BY_ALIGNMENT(.literal) SORT_BY_ALIGNMENT(.literal.*) SORT_BY_ALIGNMENT(.text) SORT_BY_ALIGNMENT(.text.*))
 .text.spi_flash_chip_issi_probe
                0x40807150       0x22 zephyr/libzephyr.a(spi_flash_chip_issi.c.obj)
                0x40807150                spi_flash_chip_issi_probe
 .text.spi_flash_chip_issi_get_caps
                0x40807172        0x4 zephyr/libzephyr.a(spi_flash_chip_issi.c.obj)
                0x40807172                spi_flash_chip_issi_get_caps
 .text.spi_flash_chip_issi_set_io_mode
                0x40807176       0x18 zephyr/libzephyr.a(spi_flash_chip_issi.c.obj)
                0x40807176                spi_flash_chip_issi_set_io_mode
 .text.spi_flash_chip_issi_get_io_mode
                0x4080718e       0x20 zephyr/libzephyr.a(spi_flash_chip_issi.c.obj)
                0x4080718e                spi_flash_chip_issi_get_io_mode
 *libzephyr.a:spi_flash_chip_mxic.*(SORT_BY_ALIGNMENT(.literal) SORT_BY_ALIGNMENT(.literal.*) SORT_BY_ALIGNMENT(.text) SORT_BY_ALIGNMENT(.text.*))
 .text.spi_flash_chip_mxic_probe
                0x408071ae       0x22 zephyr/libzephyr.a(spi_flash_chip_mxic.c.obj)
                0x408071ae                spi_flash_chip_mxic_probe
 .text.spi_flash_chip_mxic_detect_size
                0x408071d0       0x34 zephyr/libzephyr.a(spi_flash_chip_mxic.c.obj)
                0x408071d0                spi_flash_chip_mxic_detect_size
 .text.spi_flash_chip_mxic_get_caps
                0x40807204        0x4 zephyr/libzephyr.a(spi_flash_chip_mxic.c.obj)
                0x40807204                spi_flash_chip_mxic_get_caps
 *libzephyr.a:spi_flash_chip_mxic_opi.*(SORT_BY_ALIGNMENT(.literal) SORT_BY_ALIGNMENT(.literal.*) SORT_BY_ALIGNMENT(.text) SORT_BY_ALIGNMENT(.text.*))
 *libzephyr.a:spi_flash_chip_th.*(SORT_BY_ALIGNMENT(.literal) SORT_BY_ALIGNMENT(.literal.*) SORT_BY_ALIGNMENT(.text) SORT_BY_ALIGNMENT(.text.*))
 .text.spi_flash_chip_th_probe
                0x40807208       0x22 zephyr/libzephyr.a(spi_flash_chip_th.c.obj)
                0x40807208                spi_flash_chip_th_probe
 .text.spi_flash_chip_th_get_caps
                0x4080722a        0x4 zephyr/libzephyr.a(spi_flash_chip_th.c.obj)
                0x4080722a                spi_flash_chip_th_get_caps
 *libzephyr.a:spi_flash_chip_winbond.*(SORT_BY_ALIGNMENT(.literal) SORT_BY_ALIGNMENT(.literal.*) SORT_BY_ALIGNMENT(.text) SORT_BY_ALIGNMENT(.text.*))
 .text.spi_flash_chip_winbond_probe
                0x4080722e       0x12 zephyr/libzephyr.a(spi_flash_chip_winbond.c.obj)
                0x4080722e                spi_flash_chip_winbond_probe
 .text.spi_flash_chip_winbond_get_caps
                0x40807240       0x14 zephyr/libzephyr.a(spi_flash_chip_winbond.c.obj)
                0x40807240                spi_flash_chip_winbond_get_caps
 .text.spi_flash_chip_winbond_suspend_cmd_conf
                0x40807254       0x24 zephyr/libzephyr.a(spi_flash_chip_winbond.c.obj)
                0x40807254                spi_flash_chip_winbond_suspend_cmd_conf
 .text.spi_flash_chip_winbond_read
                0x40807278       0xc4 zephyr/libzephyr.a(spi_flash_chip_winbond.c.obj)
                0x40807278                spi_flash_chip_winbond_read
 .text.spi_flash_chip_winbond_erase_block
                0x4080733c       0xe6 zephyr/libzephyr.a(spi_flash_chip_winbond.c.obj)
                0x4080733c                spi_flash_chip_winbond_erase_block
 .text.spi_flash_chip_winbond_erase_sector
                0x40807422       0xe6 zephyr/libzephyr.a(spi_flash_chip_winbond.c.obj)
                0x40807422                spi_flash_chip_winbond_erase_sector
 .text.spi_flash_chip_winbond_page_program
                0x40807508       0xba zephyr/libzephyr.a(spi_flash_chip_winbond.c.obj)
                0x40807508                spi_flash_chip_winbond_page_program
 *libzephyr.a:memspi_host_driver.*(SORT_BY_ALIGNMENT(.literal) SORT_BY_ALIGNMENT(.literal.*) SORT_BY_ALIGNMENT(.text) SORT_BY_ALIGNMENT(.text.*))
 .text.memspi_host_read_status_hs
                0x408075c2       0x46 zephyr/libzephyr.a(memspi_host_driver.c.obj)
                0x408075c2                memspi_host_read_status_hs
 .text.memspi_host_erase_chip
                0x40807608       0x30 zephyr/libzephyr.a(memspi_host_driver.c.obj)
                0x40807608                memspi_host_erase_chip
 .text.memspi_host_set_write_protect
                0x40807638       0x3c zephyr/libzephyr.a(memspi_host_driver.c.obj)
                0x40807638                memspi_host_set_write_protect
 .text.memspi_host_write_data_slicer
                0x40807674       0x3e zephyr/libzephyr.a(memspi_host_driver.c.obj)
                0x40807674                memspi_host_write_data_slicer
 .text.memspi_host_read_data_slicer
                0x408076b2       0x32 zephyr/libzephyr.a(memspi_host_driver.c.obj)
                0x408076b2                memspi_host_read_data_slicer
 .text.memspi_host_read_id_hs
                0x408076e4       0x80 zephyr/libzephyr.a(memspi_host_driver.c.obj)
                0x408076e4                memspi_host_read_id_hs
 .text.memspi_host_flush_cache
                0x40807764       0x26 zephyr/libzephyr.a(memspi_host_driver.c.obj)
                0x40807764                memspi_host_flush_cache
 .text.memspi_host_erase_sector
                0x4080778a       0x4e zephyr/libzephyr.a(memspi_host_driver.c.obj)
                0x4080778a                memspi_host_erase_sector
 .text.memspi_host_erase_block
                0x408077d8       0x4e zephyr/libzephyr.a(memspi_host_driver.c.obj)
                0x408077d8                memspi_host_erase_block
 .text.memspi_host_program_page
                0x40807826       0x62 zephyr/libzephyr.a(memspi_host_driver.c.obj)
                0x40807826                memspi_host_program_page
 .text.memspi_host_init_pointers
                0x40807888       0x2e zephyr/libzephyr.a(memspi_host_driver.c.obj)
                0x40807888                memspi_host_init_pointers
 *libzephyr.a:flash_brownout_hook.*(SORT_BY_ALIGNMENT(.literal) SORT_BY_ALIGNMENT(.literal.*) SORT_BY_ALIGNMENT(.text) SORT_BY_ALIGNMENT(.text.*))
 *libzephyr.a:spi_flash_wrap.*(SORT_BY_ALIGNMENT(.literal) SORT_BY_ALIGNMENT(.literal.*) SORT_BY_ALIGNMENT(.text) SORT_BY_ALIGNMENT(.text.*))
 *libzephyr.a:flash_ops.*(SORT_BY_ALIGNMENT(.literal) SORT_BY_ALIGNMENT(.literal.*) SORT_BY_ALIGNMENT(.text) SORT_BY_ALIGNMENT(.text.*))
 *libzephyr.a:spi_flash_os_func_app.*(SORT_BY_ALIGNMENT(.literal) SORT_BY_ALIGNMENT(.literal.*) SORT_BY_ALIGNMENT(.text) SORT_BY_ALIGNMENT(.text.*))
 .text.main_flash_region_protected
                0x408078b6        0x4 zephyr/libzephyr.a(spi_flash_os_func_app.c.obj)
 .text.get_buffer_malloc
                0x408078ba       0x2c zephyr/libzephyr.a(spi_flash_os_func_app.c.obj)
 .text.spi_flash_os_check_yield
                0x408078e6       0x1a zephyr/libzephyr.a(spi_flash_os_func_app.c.obj)
 .text.release_buffer_malloc
                0x40807900        0x6 zephyr/libzephyr.a(spi_flash_os_func_app.c.obj)
 .text.delay_us
                0x40807906       0x16 zephyr/libzephyr.a(spi_flash_os_func_app.c.obj)
 .text.spi_flash_os_yield
                0x4080791c       0x14 zephyr/libzephyr.a(spi_flash_os_func_app.c.obj)
 .text.esp_flash_app_enable_os_functions
                0x40807930       0x2c zephyr/libzephyr.a(spi_flash_os_func_app.c.obj)
                0x40807930                esp_flash_app_enable_os_functions
 *libzephyr.a:spi_flash_os_func_noos.*(SORT_BY_ALIGNMENT(.literal) SORT_BY_ALIGNMENT(.literal.*) SORT_BY_ALIGNMENT(.text) SORT_BY_ALIGNMENT(.text.*))
 .text.delay_us
                0x4080795c       0x16 zephyr/libzephyr.a(spi_flash_os_func_noos.c.obj)
 *libzephyr.a:flash_mmap.*(SORT_BY_ALIGNMENT(.literal) SORT_BY_ALIGNMENT(.text) SORT_BY_ALIGNMENT(.literal.*) SORT_BY_ALIGNMENT(.text.*))
 *libzephyr.a:esp_flash_api.*(SORT_BY_ALIGNMENT(.literal) SORT_BY_ALIGNMENT(.text) SORT_BY_ALIGNMENT(.literal.*) SORT_BY_ALIGNMENT(.text.*))
 .text.spiflash_start_core
                0x40807972       0x68 zephyr/libzephyr.a(esp_flash_api.c.obj)
 .text.spiflash_end_default
                0x408079da       0x22 zephyr/libzephyr.a(esp_flash_api.c.obj)
 .text.check_chip_pointer_default
                0x408079fc       0x1c zephyr/libzephyr.a(esp_flash_api.c.obj)
 .text.flash_end_flush_cache
                0x40807a18       0x64 zephyr/libzephyr.a(esp_flash_api.c.obj)
 .text.detect_spi_flash_chip
                0x40807a7c       0x7c zephyr/libzephyr.a(esp_flash_api.c.obj)
 .text.spiflash_start_default
                0x40807af8        0x6 zephyr/libzephyr.a(esp_flash_api.c.obj)
 .text.esp_flash_read_chip_id
                0x40807afe        0x6 zephyr/libzephyr.a(esp_flash_api.c.obj)
                0x40807afe                esp_flash_read_chip_id
 .text.esp_flash_get_physical_size
                0x40807b04       0x64 zephyr/libzephyr.a(esp_flash_api.c.obj)
                0x40807b04                esp_flash_get_physical_size
 .text.esp_flash_is_quad_mode
                0x40807b68       0x14 zephyr/libzephyr.a(esp_flash_api.c.obj)
                0x40807b68                esp_flash_is_quad_mode
 .text.esp_flash_init_main
                0x40807b7c      0x14c zephyr/libzephyr.a(esp_flash_api.c.obj)
                0x40807b7c                esp_flash_init_main
 *libzephyr.a:reset_reason.*(SORT_BY_ALIGNMENT(.literal) SORT_BY_ALIGNMENT(.literal.*) SORT_BY_ALIGNMENT(.text) SORT_BY_ALIGNMENT(.text.*))
 .text.esp_reset_reason_get_hint
                0x40807cc8       0x20 zephyr/libzephyr.a(reset_reason.c.obj)
                0x40807cc8                esp_reset_reason_get_hint
 .text.esp_reset_reason_init
                0x40807ce8       0xca zephyr/libzephyr.a(reset_reason.c.obj)
                0x40807ce8                esp_reset_reason_init
 *libzephyr.a:esp_err.*(SORT_BY_ALIGNMENT(.literal) SORT_BY_ALIGNMENT(.literal.*) SORT_BY_ALIGNMENT(.text) SORT_BY_ALIGNMENT(.text.*))
 *(SORT_BY_ALIGNMENT(.literal.esp_system_abort) SORT_BY_ALIGNMENT(.text.esp_system_abort))
 *(SORT_BY_ALIGNMENT(.literal.esp_restart_noos) SORT_BY_ALIGNMENT(.text.esp_restart_noos))
 *(SORT_BY_ALIGNMENT(.literal.esp_system_reset_modules_on_exit) SORT_BY_ALIGNMENT(.text.esp_system_reset_modules_on_exit))
 *(SORT_BY_ALIGNMENT(.literal.esp_cpu_stall) SORT_BY_ALIGNMENT(.text.esp_cpu_stall))
 *(SORT_BY_ALIGNMENT(.literal.esp_cpu_unstall) SORT_BY_ALIGNMENT(.text.esp_cpu_unstall))
 *(SORT_BY_ALIGNMENT(.literal.esp_cpu_reset) SORT_BY_ALIGNMENT(.text.esp_cpu_reset))
 *(SORT_BY_ALIGNMENT(.literal.esp_cpu_wait_for_intr) SORT_BY_ALIGNMENT(.text.esp_cpu_wait_for_intr))
 *(SORT_BY_ALIGNMENT(.literal.esp_cpu_compare_and_set) SORT_BY_ALIGNMENT(.text.esp_cpu_compare_and_set))
 *(SORT_BY_ALIGNMENT(.literal.esp_gpio_reserve_pins) SORT_BY_ALIGNMENT(.text.esp_gpio_reserve_pins))
 *(SORT_BY_ALIGNMENT(.literal.esp_gpio_is_pin_reserved) SORT_BY_ALIGNMENT(.text.esp_gpio_is_pin_reserved))
 *(SORT_BY_ALIGNMENT(.literal.rtc_vddsdio_get_config) SORT_BY_ALIGNMENT(.text.rtc_vddsdio_get_config))
 *(SORT_BY_ALIGNMENT(.literal.rtc_vddsdio_set_config) SORT_BY_ALIGNMENT(.text.rtc_vddsdio_set_config))
 *libzephyr.a:esp_memory_utils.*(SORT_BY_ALIGNMENT(.literal) SORT_BY_ALIGNMENT(.literal.*) SORT_BY_ALIGNMENT(.text) SORT_BY_ALIGNMENT(.text.*))
 *libzephyr.a:pmu_init.*(SORT_BY_ALIGNMENT(.literal) SORT_BY_ALIGNMENT(.literal.*) SORT_BY_ALIGNMENT(.text) SORT_BY_ALIGNMENT(.text.*))
 .text.pmu_hp_system_init
                0x40807db2      0x426 zephyr/libzephyr.a(pmu_init.c.obj)
                0x40807db2                pmu_hp_system_init
 .text.pmu_lp_system_init
                0x408081d8      0x174 zephyr/libzephyr.a(pmu_init.c.obj)
                0x408081d8                pmu_lp_system_init
 .text.pmu_init
                0x4080834c      0x232 zephyr/libzephyr.a(pmu_init.c.obj)
                0x4080834c                pmu_init
 *libzephyr.a:pmu_param.*(SORT_BY_ALIGNMENT(.literal) SORT_BY_ALIGNMENT(.literal.*) SORT_BY_ALIGNMENT(.text) SORT_BY_ALIGNMENT(.text.*))
 .text.pmu_hp_system_power_param_default
                0x4080857e       0x20 zephyr/libzephyr.a(pmu_param.c.obj)
                0x4080857e                pmu_hp_system_power_param_default
 .text.pmu_hp_system_clock_param_default
                0x4080859e       0x1c zephyr/libzephyr.a(pmu_param.c.obj)
                0x4080859e                pmu_hp_system_clock_param_default
 .text.pmu_hp_system_digital_param_default
                0x408085ba       0x1c zephyr/libzephyr.a(pmu_param.c.obj)
                0x408085ba                pmu_hp_system_digital_param_default
 .text.pmu_hp_system_analog_param_default
                0x408085d6       0x20 zephyr/libzephyr.a(pmu_param.c.obj)
                0x408085d6                pmu_hp_system_analog_param_default
 .text.pmu_hp_system_retention_param_default
                0x408085f6       0x1c zephyr/libzephyr.a(pmu_param.c.obj)
                0x408085f6                pmu_hp_system_retention_param_default
 .text.pmu_lp_system_power_param_default
                0x40808612       0x20 zephyr/libzephyr.a(pmu_param.c.obj)
                0x40808612                pmu_lp_system_power_param_default
 .text.pmu_lp_system_analog_param_default
                0x40808632       0x20 zephyr/libzephyr.a(pmu_param.c.obj)
                0x40808632                pmu_lp_system_analog_param_default
 .text.get_act_hp_dbias
                0x40808652       0x34 zephyr/libzephyr.a(pmu_param.c.obj)
                0x40808652                get_act_hp_dbias
 .text.get_act_lp_dbias
                0x40808686       0x34 zephyr/libzephyr.a(pmu_param.c.obj)
                0x40808686                get_act_lp_dbias
 *libzephyr.a:pmu_sleep.*(SORT_BY_ALIGNMENT(.literal) SORT_BY_ALIGNMENT(.literal.*) SORT_BY_ALIGNMENT(.text) SORT_BY_ALIGNMENT(.text.*))
 *libzephyr.a:rtc_clk.*(SORT_BY_ALIGNMENT(.literal) SORT_BY_ALIGNMENT(.literal.*) SORT_BY_ALIGNMENT(.text) SORT_BY_ALIGNMENT(.text.*))
 *libzephyr.a:rtc_clk_init.*(SORT_BY_ALIGNMENT(.literal) SORT_BY_ALIGNMENT(.literal.*) SORT_BY_ALIGNMENT(.text) SORT_BY_ALIGNMENT(.text.*))
 *libzephyr.a:rtc_time.*(SORT_BY_ALIGNMENT(.literal) SORT_BY_ALIGNMENT(.literal.*) SORT_BY_ALIGNMENT(.text) SORT_BY_ALIGNMENT(.text.*))
 *libzephyr.a:rtc_sleep.*(SORT_BY_ALIGNMENT(.literal) SORT_BY_ALIGNMENT(.literal.*) SORT_BY_ALIGNMENT(.text) SORT_BY_ALIGNMENT(.text.*))
 *libzephyr.a:systimer.*(SORT_BY_ALIGNMENT(.literal) SORT_BY_ALIGNMENT(.literal.*) SORT_BY_ALIGNMENT(.text) SORT_BY_ALIGNMENT(.text.*))
 .text.systimer_ticks_to_us
                0x408086ba        0xc zephyr/libzephyr.a(systimer.c.obj)
                0x408086ba                systimer_ticks_to_us
 .text.systimer_us_to_ticks
                0x408086c6        0xc zephyr/libzephyr.a(systimer.c.obj)
                0x408086c6                systimer_us_to_ticks
 *(SORT_BY_ALIGNMENT(.literal.sar_periph_ctrl_power_enable) SORT_BY_ALIGNMENT(.text.sar_periph_ctrl_power_enable))
 *(SORT_BY_ALIGNMENT(.literal.GPIO_HOLD_MASK) SORT_BY_ALIGNMENT(.text.GPIO_HOLD_MASK))
 *libzephyr.a:esp_rom_crc.*(SORT_BY_ALIGNMENT(.literal) SORT_BY_ALIGNMENT(.literal.*) SORT_BY_ALIGNMENT(.text) SORT_BY_ALIGNMENT(.text.*))
 *libzephyr.a:esp_rom_sys.*(SORT_BY_ALIGNMENT(.literal) SORT_BY_ALIGNMENT(.literal.*) SORT_BY_ALIGNMENT(.text) SORT_BY_ALIGNMENT(.text.*))
 *libzephyr.a:esp_rom_uart.*(SORT_BY_ALIGNMENT(.literal) SORT_BY_ALIGNMENT(.literal.*) SORT_BY_ALIGNMENT(.text) SORT_BY_ALIGNMENT(.text.*))
 *libzephyr.a:esp_rom_spiflash.*(SORT_BY_ALIGNMENT(.literal) SORT_BY_ALIGNMENT(.literal.*) SORT_BY_ALIGNMENT(.text) SORT_BY_ALIGNMENT(.text.*))
 *libzephyr.a:esp_rom_efuse.*(SORT_BY_ALIGNMENT(.literal) SORT_BY_ALIGNMENT(.literal.*) SORT_BY_ALIGNMENT(.text) SORT_BY_ALIGNMENT(.text.*))
 *libzephyr.a:esp_rom_systimer.*(SORT_BY_ALIGNMENT(.literal) SORT_BY_ALIGNMENT(.literal.*) SORT_BY_ALIGNMENT(.text) SORT_BY_ALIGNMENT(.text.*))
 *libzephyr.a:esp_rom_wdt.*(SORT_BY_ALIGNMENT(.literal) SORT_BY_ALIGNMENT(.literal.*) SORT_BY_ALIGNMENT(.text) SORT_BY_ALIGNMENT(.text.*))
 *libzephyr.a:esp_rom_hp_regi2c_esp32c6.*(SORT_BY_ALIGNMENT(.literal) SORT_BY_ALIGNMENT(.literal.*) SORT_BY_ALIGNMENT(.text) SORT_BY_ALIGNMENT(.text.*))
 *libzephyr.a:esp_cache_utils.*(SORT_BY_ALIGNMENT(.literal) SORT_BY_ALIGNMENT(.literal.*) SORT_BY_ALIGNMENT(.text) SORT_BY_ALIGNMENT(.text.*))
 .text.esp_cache_suspend_ext_mem_cache
                0x408086d2        0x8 zephyr/libzephyr.a(esp_cache_utils.c.obj)
                0x408086d2                esp_cache_suspend_ext_mem_cache
 .text.esp_cache_resume_ext_mem_cache
                0x408086da        0x8 zephyr/libzephyr.a(esp_cache_utils.c.obj)
                0x408086da                esp_cache_resume_ext_mem_cache
 *libzephyr.a:esp_cache_msync.*(SORT_BY_ALIGNMENT(.literal) SORT_BY_ALIGNMENT(.literal.*) SORT_BY_ALIGNMENT(.text) SORT_BY_ALIGNMENT(.text.*))
 .text.esp_cache_sync_ops_enter_critical_section
                0x408086e2        0xe zephyr/libzephyr.a(esp_cache_msync.c.obj)
                0x408086e2                esp_cache_sync_ops_enter_critical_section
 .text.esp_cache_sync_ops_exit_critical_section
                0x408086f0       0x10 zephyr/libzephyr.a(esp_cache_msync.c.obj)
                0x408086f0                esp_cache_sync_ops_exit_critical_section
 *libzephyr.a:cache_utils.*(SORT_BY_ALIGNMENT(.literal) SORT_BY_ALIGNMENT(.text) SORT_BY_ALIGNMENT(.literal.*) SORT_BY_ALIGNMENT(.text.*))
 .text.spi_flash_init_lock
                0x40808700        0x2 zephyr/libzephyr.a(cache_utils.c.obj)
                0x40808700                spi_flash_init_lock
 *libbtbb.a:(SORT_BY_ALIGNMENT(.iram1) SORT_BY_ALIGNMENT(.iram1.*))
 *libbtbb.a:(SORT_BY_ALIGNMENT(.high_perf_code_iram1) SORT_BY_ALIGNMENT(.high_perf_code_iram1.*))
 *libble_app.a:(SORT_BY_ALIGNMENT(.high_perf_code_iram1) SORT_BY_ALIGNMENT(.high_perf_code_iram1.*))
 *libble_app.a:(SORT_BY_ALIGNMENT(.bt_iram_text) SORT_BY_ALIGNMENT(.bt_iram_text.*))
                0x40808714                        . = (ALIGN (0x4) + 0x10)
 *fill*         0x40808702       0x12 

.loader.text    0x40808714      0x464 load address 0x00008714
                0x40808714                        . = ALIGN (0x4)
                0x40808714                        _loader_text_start = ABSOLUTE (.)
 *libzephyr.a:bootloader_clock_init.*(SORT_BY_ALIGNMENT(.literal) SORT_BY_ALIGNMENT(.text) SORT_BY_ALIGNMENT(.literal.*) SORT_BY_ALIGNMENT(.text.*))
 *libzephyr.a:bootloader_wdt.*(SORT_BY_ALIGNMENT(.literal) SORT_BY_ALIGNMENT(.text) SORT_BY_ALIGNMENT(.literal.*) SORT_BY_ALIGNMENT(.text.*))
 *libzephyr.a:bootloader_flash.*(SORT_BY_ALIGNMENT(.literal) SORT_BY_ALIGNMENT(.text) SORT_BY_ALIGNMENT(.literal.*) SORT_BY_ALIGNMENT(.text.*))
 .text.esp_rom_flash_read
                0x40808714      0x130 zephyr/libzephyr.a(bootloader_flash.c.obj)
                0x40808714                esp_rom_flash_read
 .text.bootloader_enable_wp
                0x40808844        0xc zephyr/libzephyr.a(bootloader_flash.c.obj)
                0x40808844                bootloader_enable_wp
 *libzephyr.a:bootloader_clock_loader.*(SORT_BY_ALIGNMENT(.literal) SORT_BY_ALIGNMENT(.text) SORT_BY_ALIGNMENT(.literal.*) SORT_BY_ALIGNMENT(.text.*))
 *libzephyr.a:bootloader_common_loader.*(SORT_BY_ALIGNMENT(.literal) SORT_BY_ALIGNMENT(.text) SORT_BY_ALIGNMENT(.literal.*) SORT_BY_ALIGNMENT(.text.*))
 *libzephyr.a:bootloader_panic.*(SORT_BY_ALIGNMENT(.literal) SORT_BY_ALIGNMENT(.text) SORT_BY_ALIGNMENT(.literal.*) SORT_BY_ALIGNMENT(.text.*))
 *libzephyr.a:bootloader_random.*(SORT_BY_ALIGNMENT(.literal) SORT_BY_ALIGNMENT(.text) SORT_BY_ALIGNMENT(.literal.*) SORT_BY_ALIGNMENT(.text.*))
 *libzephyr.a:bootloader_efuse.*(SORT_BY_ALIGNMENT(.literal) SORT_BY_ALIGNMENT(.text) SORT_BY_ALIGNMENT(.literal.*) SORT_BY_ALIGNMENT(.text.*))
 *libzephyr.a:bootloader_utility.*(SORT_BY_ALIGNMENT(.literal) SORT_BY_ALIGNMENT(.text) SORT_BY_ALIGNMENT(.literal.*) SORT_BY_ALIGNMENT(.text.*))
 *libzephyr.a:bootloader_sha.*(SORT_BY_ALIGNMENT(.literal) SORT_BY_ALIGNMENT(.text) SORT_BY_ALIGNMENT(.literal.*) SORT_BY_ALIGNMENT(.text.*))
 *libzephyr.a:esp_image_format.*(SORT_BY_ALIGNMENT(.literal) SORT_BY_ALIGNMENT(.text) SORT_BY_ALIGNMENT(.literal.*) SORT_BY_ALIGNMENT(.text.*))
 *libzephyr.a:flash_ops.*(SORT_BY_ALIGNMENT(.literal) SORT_BY_ALIGNMENT(.text) SORT_BY_ALIGNMENT(.literal.*) SORT_BY_ALIGNMENT(.text.*))
 *libzephyr.a:flash_encrypt.*(SORT_BY_ALIGNMENT(.literal) SORT_BY_ALIGNMENT(.text) SORT_BY_ALIGNMENT(.literal.*) SORT_BY_ALIGNMENT(.text.*))
 *libzephyr.a:flash_encryption_secure_features.*(SORT_BY_ALIGNMENT(.literal) SORT_BY_ALIGNMENT(.text) SORT_BY_ALIGNMENT(.literal.*) SORT_BY_ALIGNMENT(.text.*))
 *libzephyr.a:flash_partitions.*(SORT_BY_ALIGNMENT(.literal) SORT_BY_ALIGNMENT(.text) SORT_BY_ALIGNMENT(.literal.*) SORT_BY_ALIGNMENT(.text.*))
 *libzephyr.a:flash_qio_mode.*(SORT_BY_ALIGNMENT(.literal) SORT_BY_ALIGNMENT(.text) SORT_BY_ALIGNMENT(.literal.*) SORT_BY_ALIGNMENT(.text.*))
 *libzephyr.a:spi_flash_hal.*(SORT_BY_ALIGNMENT(.literal) SORT_BY_ALIGNMENT(.literal.*) SORT_BY_ALIGNMENT(.text) SORT_BY_ALIGNMENT(.text.*))
 .text.get_flash_clock_divider
                0x40808850       0x1e zephyr/libzephyr.a(spi_flash_hal.c.obj)
 .text.spi_flash_hal_init
                0x4080886e      0x170 zephyr/libzephyr.a(spi_flash_hal.c.obj)
                0x4080886e                spi_flash_hal_init
 .text.spi_flash_hal_supports_direct_write
                0x408089de       0x12 zephyr/libzephyr.a(spi_flash_hal.c.obj)
                0x408089de                spi_flash_hal_supports_direct_write
 .text.spi_flash_hal_supports_direct_read
                0x408089f0       0x12 zephyr/libzephyr.a(spi_flash_hal.c.obj)
                0x408089f0                spi_flash_hal_supports_direct_read
 *libzephyr.a:spi_flash_hal_common.*(SORT_BY_ALIGNMENT(.literal) SORT_BY_ALIGNMENT(.literal.*) SORT_BY_ALIGNMENT(.text) SORT_BY_ALIGNMENT(.text.*))